................        [100%]
=============================== warnings summary ===============================
../../../../../../Users/chriswong/Library/Python/3.14/lib/python/site-packages/_pytest/pathlib.py:95
  /Users/chriswong/Library/Python/3.14/lib/python/site-packages/_pytest/pathlib.py:95: PytestWarning: (rm_rf) error removing /private/tmp/pytest-of-chriswong/garbage-8a5220d5-3b51-459b-b809-4f0feb9e9dbb/test_runtime_manifest_seals_ex0/worker-browser-b1/runtime/browsers/chromium-1237/Chromium.app/Contents/Frameworks/Chromium Framework.framework/Versions
  <class 'OSError'>: [Errno 66] Directory not empty: '/private/tmp/pytest-of-chriswong/garbage-8a5220d5-3b51-459b-b809-4f0feb9e9dbb/test_runtime_manifest_seals_ex0/worker-browser-b1/runtime/browsers/chromium-1237/Chromium.app/Contents/Frameworks/Chromium Framework.framework/Versions'
    warnings.warn(

../../../../../../Users/chriswong/Library/Python/3.14/lib/python/site-packages/_pytest/pathlib.py:95
  /Users/chriswong/Library/Python/3.14/lib/python/site-packages/_pytest/pathlib.py:95: PytestWarning: (rm_rf) error removing /private/tmp/pytest-of-chriswong/garbage-8a5220d5-3b51-459b-b809-4f0feb9e9dbb/test_runtime_manifest_seals_ex0/worker-browser-b1/runtime/browsers/chromium-1237/Chromium.app/Contents/Frameworks/Chromium Framework.framework
  <class 'OSError'>: [Errno 66] Directory not empty: '/private/tmp/pytest-of-chriswong/garbage-8a5220d5-3b51-459b-b809-4f0feb9e9dbb/test_runtime_manifest_seals_ex0/worker-browser-b1/runtime/browsers/chromium-1237/Chromium.app/Contents/Frameworks/Chromium Framework.framework'
    warnings.warn(

../../../../../../Users/chriswong/Library/Python/3.14/lib/python/site-packages/_pytest/pathlib.py:95
  /Users/chriswong/Library/Python/3.14/lib/python/site-packages/_pytest/pathlib.py:95: PytestWarning: (rm_rf) error removing /private/tmp/pytest-of-chriswong/garbage-acdc0f8a-4d71-43fb-8193-dcad33beb4b2/test_runtime_manifest_seals_ex0/worker-browser-b1/runtime/browsers/chromium-1237/Chromium.app/Contents/Frameworks/Chromium Framework.framework/Versions
  <class 'OSError'>: [Errno 66] Directory not empty: '/private/tmp/pytest-of-chriswong/garbage-acdc0f8a-4d71-43fb-8193-dcad33beb4b2/test_runtime_manifest_seals_ex0/worker-browser-b1/runtime/browsers/chromium-1237/Chromium.app/Contents/Frameworks/Chromium Framework.framework/Versions'
    warnings.warn(

../../../../../../Users/chriswong/Library/Python/3.14/lib/python/site-packages/_pytest/pathlib.py:95
  /Users/chriswong/Library/Python/3.14/lib/python/site-packages/_pytest/pathlib.py:95: PytestWarning: (rm_rf) error removing /private/tmp/pytest-of-chriswong/garbage-acdc0f8a-4d71-43fb-8193-dcad33beb4b2/test_runtime_manifest_seals_ex0/worker-browser-b1/runtime/browsers/chromium-1237/Chromium.app/Contents/Frameworks/Chromium Framework.framework
  <class 'OSError'>: [Errno 66] Directory not empty: '/private/tmp/pytest-of-chriswong/garbage-acdc0f8a-4d71-43fb-8193-dcad33beb4b2/test_runtime_manifest_seals_ex0/worker-browser-b1/runtime/browsers/chromium-1237/Chromium.app/Contents/Frameworks/Chromium Framework.framework'
    warnings.warn(

../../../../../../Users/chriswong/Library/Python/3.14/lib/python/site-packages/_pytest/pathlib.py:95
  /Users/chriswong/Library/Python/3.14/lib/python/site-packages/_pytest/pathlib.py:95: PytestWarning: (rm_rf) error removing /private/tmp/pytest-of-chriswong/garbage-6610dc6c-2c79-4bff-9b3d-6586866cd8f4/test_runtime_manifest_seals_ex0/worker-browser-b1/runtime/browsers/chromium-1237/Chromium.app/Contents/Frameworks/Chromium Framework.framework/Versions
  <class 'OSError'>: [Errno 66] Directory not empty: '/private/tmp/pytest-of-chriswong/garbage-6610dc6c-2c79-4bff-9b3d-6586866cd8f4/test_runtime_manifest_seals_ex0/worker-browser-b1/runtime/browsers/chromium-1237/Chromium.app/Contents/Frameworks/Chromium Framework.framework/Versions'
    warnings.warn(

../../../../../../Users/chriswong/Library/Python/3.14/lib/python/site-packages/_pytest/pathlib.py:95
  /Users/chriswong/Library/Python/3.14/lib/python/site-packages/_pytest/pathlib.py:95: PytestWarning: (rm_rf) error removing /private/tmp/pytest-of-chriswong/garbage-6610dc6c-2c79-4bff-9b3d-6586866cd8f4/test_runtime_manifest_seals_ex0/worker-browser-b1/runtime/browsers/chromium-1237/Chromium.app/Contents/Frameworks/Chromium Framework.framework
  <class 'OSError'>: [Errno 66] Directory not empty: '/private/tmp/pytest-of-chriswong/garbage-6610dc6c-2c79-4bff-9b3d-6586866cd8f4/test_runtime_manifest_seals_ex0/worker-browser-b1/runtime/browsers/chromium-1237/Chromium.app/Contents/Frameworks/Chromium Framework.framework'
    warnings.warn(

../../../../../../Users/chriswong/Library/Python/3.14/lib/python/site-packages/_pytest/pathlib.py:95
  /Users/chriswong/Library/Python/3.14/lib/python/site-packages/_pytest/pathlib.py:95: PytestWarning: (rm_rf) error removing /private/tmp/pytest-of-chriswong/garbage-d884cfdd-307c-49d5-8c24-c31a18f08053/test_runtime_manifest_seals_ex0/worker-browser-b1/runtime/browsers/chromium-1237/Chromium.app/Contents/Frameworks/Chromium Framework.framework/Versions
  <class 'OSError'>: [Errno 66] Directory not empty: '/private/tmp/pytest-of-chriswong/garbage-d884cfdd-307c-49d5-8c24-c31a18f08053/test_runtime_manifest_seals_ex0/worker-browser-b1/runtime/browsers/chromium-1237/Chromium.app/Contents/Frameworks/Chromium Framework.framework/Versions'
    warnings.warn(

../../../../../../Users/chriswong/Library/Python/3.14/lib/python/site-packages/_pytest/pathlib.py:95
  /Users/chriswong/Library/Python/3.14/lib/python/site-packages/_pytest/pathlib.py:95: PytestWarning: (rm_rf) error removing /private/tmp/pytest-of-chriswong/garbage-d884cfdd-307c-49d5-8c24-c31a18f08053/test_runtime_manifest_seals_ex0/worker-browser-b1/runtime/browsers/chromium-1237/Chromium.app/Contents/Frameworks/Chromium Framework.framework
  <class 'OSError'>: [Errno 66] Directory not empty: '/private/tmp/pytest-of-chriswong/garbage-d884cfdd-307c-49d5-8c24-c31a18f08053/test_runtime_manifest_seals_ex0/worker-browser-b1/runtime/browsers/chromium-1237/Chromium.app/Contents/Frameworks/Chromium Framework.framework'
    warnings.warn(

-- Docs: https://docs.pytest.org/en/stable/how-to/capture-warnings.html
16 passed, 8 warnings, 49 subtests passed in 1.11s
