/workspace/engine/inputs.py:205: PerformanceWarning: DataFrame is highly fragmented.  This is usually the result of calling `frame.insert` many times, which has poor performance.  Consider joining all columns at once using pd.concat(axis=1) instead. To get a de-fragmented frame, use `newframe = frame.copy()`
  f[name] = s.reindex(idx)
/workspace/engine/inputs.py:205: PerformanceWarning: DataFrame is highly fragmented.  This is usually the result of calling `frame.insert` many times, which has poor performance.  Consider joining all columns at once using pd.concat(axis=1) instead. To get a de-fragmented frame, use `newframe = frame.copy()`
  f[name] = s.reindex(idx)
/workspace/engine/inputs.py:205: PerformanceWarning: DataFrame is highly fragmented.  This is usually the result of calling `frame.insert` many times, which has poor performance.  Consider joining all columns at once using pd.concat(axis=1) instead. To get a de-fragmented frame, use `newframe = frame.copy()`
  f[name] = s.reindex(idx)
/workspace/engine/inputs.py:205: PerformanceWarning: DataFrame is highly fragmented.  This is usually the result of calling `frame.insert` many times, which has poor performance.  Consider joining all columns at once using pd.concat(axis=1) instead. To get a de-fragmented frame, use `newframe = frame.copy()`
  f[name] = s.reindex(idx)
/workspace/engine/inputs.py:205: PerformanceWarning: DataFrame is highly fragmented.  This is usually the result of calling `frame.insert` many times, which has poor performance.  Consider joining all columns at once using pd.concat(axis=1) instead. To get a de-fragmented frame, use `newframe = frame.copy()`
  f[name] = s.reindex(idx)
/workspace/engine/inputs.py:205: PerformanceWarning: DataFrame is highly fragmented.  This is usually the result of calling `frame.insert` many times, which has poor performance.  Consider joining all columns at once using pd.concat(axis=1) instead. To get a de-fragmented frame, use `newframe = frame.copy()`
  f[name] = s.reindex(idx)
/workspace/engine/inputs.py:205: PerformanceWarning: DataFrame is highly fragmented.  This is usually the result of calling `frame.insert` many times, which has poor performance.  Consider joining all columns at once using pd.concat(axis=1) instead. To get a de-fragmented frame, use `newframe = frame.copy()`
  f[name] = s.reindex(idx)
/workspace/engine/inputs.py:205: PerformanceWarning: DataFrame is highly fragmented.  This is usually the result of calling `frame.insert` many times, which has poor performance.  Consider joining all columns at once using pd.concat(axis=1) instead. To get a de-fragmented frame, use `newframe = frame.copy()`
  f[name] = s.reindex(idx)
/workspace/engine/inputs.py:205: PerformanceWarning: DataFrame is highly fragmented.  This is usually the result of calling `frame.insert` many times, which has poor performance.  Consider joining all columns at once using pd.concat(axis=1) instead. To get a de-fragmented frame, use `newframe = frame.copy()`
  f[name] = s.reindex(idx)
/workspace/engine/inputs.py:205: PerformanceWarning: DataFrame is highly fragmented.  This is usually the result of calling `frame.insert` many times, which has poor performance.  Consider joining all columns at once using pd.concat(axis=1) instead. To get a de-fragmented frame, use `newframe = frame.copy()`
  f[name] = s.reindex(idx)
/workspace/engine/inputs.py:205: PerformanceWarning: DataFrame is highly fragmented.  This is usually the result of calling `frame.insert` many times, which has poor performance.  Consider joining all columns at once using pd.concat(axis=1) instead. To get a de-fragmented frame, use `newframe = frame.copy()`
  f[name] = s.reindex(idx)
/workspace/engine/inputs.py:205: PerformanceWarning: DataFrame is highly fragmented.  This is usually the result of calling `frame.insert` many times, which has poor performance.  Consider joining all columns at once using pd.concat(axis=1) instead. To get a de-fragmented frame, use `newframe = frame.copy()`
  f[name] = s.reindex(idx)
/workspace/engine/inputs.py:205: PerformanceWarning: DataFrame is highly fragmented.  This is usually the result of calling `frame.insert` many times, which has poor performance.  Consider joining all columns at once using pd.concat(axis=1) instead. To get a de-fragmented frame, use `newframe = frame.copy()`
  f[name] = s.reindex(idx)
/workspace/engine/inputs.py:205: PerformanceWarning: DataFrame is highly fragmented.  This is usually the result of calling `frame.insert` many times, which has poor performance.  Consider joining all columns at once using pd.concat(axis=1) instead. To get a de-fragmented frame, use `newframe = frame.copy()`
  f[name] = s.reindex(idx)
/workspace/engine/inputs.py:205: PerformanceWarning: DataFrame is highly fragmented.  This is usually the result of calling `frame.insert` many times, which has poor performance.  Consider joining all columns at once using pd.concat(axis=1) instead. To get a de-fragmented frame, use `newframe = frame.copy()`
  f[name] = s.reindex(idx)
/workspace/engine/inputs.py:205: PerformanceWarning: DataFrame is highly fragmented.  This is usually the result of calling `frame.insert` many times, which has poor performance.  Consider joining all columns at once using pd.concat(axis=1) instead. To get a de-fragmented frame, use `newframe = frame.copy()`
  f[name] = s.reindex(idx)
/workspace/engine/inputs.py:205: PerformanceWarning: DataFrame is highly fragmented.  This is usually the result of calling `frame.insert` many times, which has poor performance.  Consider joining all columns at once using pd.concat(axis=1) instead. To get a de-fragmented frame, use `newframe = frame.copy()`
  f[name] = s.reindex(idx)
/workspace/engine/inputs.py:205: PerformanceWarning: DataFrame is highly fragmented.  This is usually the result of calling `frame.insert` many times, which has poor performance.  Consider joining all columns at once using pd.concat(axis=1) instead. To get a de-fragmented frame, use `newframe = frame.copy()`
  f[name] = s.reindex(idx)
/workspace/engine/inputs.py:205: PerformanceWarning: DataFrame is highly fragmented.  This is usually the result of calling `frame.insert` many times, which has poor performance.  Consider joining all columns at once using pd.concat(axis=1) instead. To get a de-fragmented frame, use `newframe = frame.copy()`
  f[name] = s.reindex(idx)
/workspace/engine/inputs.py:381: PerformanceWarning: DataFrame is highly fragmented.  This is usually the result of calling `frame.insert` many times, which has poor performance.  Consider joining all columns at once using pd.concat(axis=1) instead. To get a de-fragmented frame, use `newframe = frame.copy()`
  f["curve_tp_adj"] = f["spread_2s10s"] + f["term_premium_10y"].fillna(0)
/workspace/engine/inputs.py:205: PerformanceWarning: DataFrame is highly fragmented.  This is usually the result of calling `frame.insert` many times, which has poor performance.  Consider joining all columns at once using pd.concat(axis=1) instead. To get a de-fragmented frame, use `newframe = frame.copy()`
  f[name] = s.reindex(idx)
/workspace/engine/inputs.py:205: PerformanceWarning: DataFrame is highly fragmented.  This is usually the result of calling `frame.insert` many times, which has poor performance.  Consider joining all columns at once using pd.concat(axis=1) instead. To get a de-fragmented frame, use `newframe = frame.copy()`
  f[name] = s.reindex(idx)
/workspace/engine/inputs.py:205: PerformanceWarning: DataFrame is highly fragmented.  This is usually the result of calling `frame.insert` many times, which has poor performance.  Consider joining all columns at once using pd.concat(axis=1) instead. To get a de-fragmented frame, use `newframe = frame.copy()`
  f[name] = s.reindex(idx)
/workspace/engine/inputs.py:205: PerformanceWarning: DataFrame is highly fragmented.  This is usually the result of calling `frame.insert` many times, which has poor performance.  Consider joining all columns at once using pd.concat(axis=1) instead. To get a de-fragmented frame, use `newframe = frame.copy()`
  f[name] = s.reindex(idx)
/workspace/engine/inputs.py:205: PerformanceWarning: DataFrame is highly fragmented.  This is usually the result of calling `frame.insert` many times, which has poor performance.  Consider joining all columns at once using pd.concat(axis=1) instead. To get a de-fragmented frame, use `newframe = frame.copy()`
  f[name] = s.reindex(idx)
/workspace/engine/inputs.py:205: PerformanceWarning: DataFrame is highly fragmented.  This is usually the result of calling `frame.insert` many times, which has poor performance.  Consider joining all columns at once using pd.concat(axis=1) instead. To get a de-fragmented frame, use `newframe = frame.copy()`
  f[name] = s.reindex(idx)
/workspace/engine/inputs.py:205: PerformanceWarning: DataFrame is highly fragmented.  This is usually the result of calling `frame.insert` many times, which has poor performance.  Consider joining all columns at once using pd.concat(axis=1) instead. To get a de-fragmented frame, use `newframe = frame.copy()`
  f[name] = s.reindex(idx)
/workspace/engine/inputs.py:205: PerformanceWarning: DataFrame is highly fragmented.  This is usually the result of calling `frame.insert` many times, which has poor performance.  Consider joining all columns at once using pd.concat(axis=1) instead. To get a de-fragmented frame, use `newframe = frame.copy()`
  f[name] = s.reindex(idx)
/workspace/engine/inputs.py:205: PerformanceWarning: DataFrame is highly fragmented.  This is usually the result of calling `frame.insert` many times, which has poor performance.  Consider joining all columns at once using pd.concat(axis=1) instead. To get a de-fragmented frame, use `newframe = frame.copy()`
  f[name] = s.reindex(idx)
/workspace/engine/inputs.py:205: PerformanceWarning: DataFrame is highly fragmented.  This is usually the result of calling `frame.insert` many times, which has poor performance.  Consider joining all columns at once using pd.concat(axis=1) instead. To get a de-fragmented frame, use `newframe = frame.copy()`
  f[name] = s.reindex(idx)
/workspace/engine/inputs.py:205: PerformanceWarning: DataFrame is highly fragmented.  This is usually the result of calling `frame.insert` many times, which has poor performance.  Consider joining all columns at once using pd.concat(axis=1) instead. To get a de-fragmented frame, use `newframe = frame.copy()`
  f[name] = s.reindex(idx)
/workspace/engine/inputs.py:205: PerformanceWarning: DataFrame is highly fragmented.  This is usually the result of calling `frame.insert` many times, which has poor performance.  Consider joining all columns at once using pd.concat(axis=1) instead. To get a de-fragmented frame, use `newframe = frame.copy()`
  f[name] = s.reindex(idx)
/workspace/engine/inputs.py:205: PerformanceWarning: DataFrame is highly fragmented.  This is usually the result of calling `frame.insert` many times, which has poor performance.  Consider joining all columns at once using pd.concat(axis=1) instead. To get a de-fragmented frame, use `newframe = frame.copy()`
  f[name] = s.reindex(idx)
/workspace/engine/inputs.py:432: PerformanceWarning: DataFrame is highly fragmented.  This is usually the result of calling `frame.insert` many times, which has poor performance.  Consider joining all columns at once using pd.concat(axis=1) instead. To get a de-fragmented frame, use `newframe = frame.copy()`
  f["net_liquidity_bn"] = canon.net_liquidity_bn(f["walcl_bn"], f["rrp_bn"], f["tga_bn"])
/workspace/engine/inputs.py:205: PerformanceWarning: DataFrame is highly fragmented.  This is usually the result of calling `frame.insert` many times, which has poor performance.  Consider joining all columns at once using pd.concat(axis=1) instead. To get a de-fragmented frame, use `newframe = frame.copy()`
  f[name] = s.reindex(idx)
/workspace/engine/inputs.py:205: PerformanceWarning: DataFrame is highly fragmented.  This is usually the result of calling `frame.insert` many times, which has poor performance.  Consider joining all columns at once using pd.concat(axis=1) instead. To get a de-fragmented frame, use `newframe = frame.copy()`
  f[name] = s.reindex(idx)
/workspace/engine/inputs.py:205: PerformanceWarning: DataFrame is highly fragmented.  This is usually the result of calling `frame.insert` many times, which has poor performance.  Consider joining all columns at once using pd.concat(axis=1) instead. To get a de-fragmented frame, use `newframe = frame.copy()`
  f[name] = s.reindex(idx)
/workspace/engine/inputs.py:205: PerformanceWarning: DataFrame is highly fragmented.  This is usually the result of calling `frame.insert` many times, which has poor performance.  Consider joining all columns at once using pd.concat(axis=1) instead. To get a de-fragmented frame, use `newframe = frame.copy()`
  f[name] = s.reindex(idx)
/workspace/engine/inputs.py:205: PerformanceWarning: DataFrame is highly fragmented.  This is usually the result of calling `frame.insert` many times, which has poor performance.  Consider joining all columns at once using pd.concat(axis=1) instead. To get a de-fragmented frame, use `newframe = frame.copy()`
  f[name] = s.reindex(idx)
/workspace/engine/inputs.py:205: PerformanceWarning: DataFrame is highly fragmented.  This is usually the result of calling `frame.insert` many times, which has poor performance.  Consider joining all columns at once using pd.concat(axis=1) instead. To get a de-fragmented frame, use `newframe = frame.copy()`
  f[name] = s.reindex(idx)
/workspace/engine/inputs.py:205: PerformanceWarning: DataFrame is highly fragmented.  This is usually the result of calling `frame.insert` many times, which has poor performance.  Consider joining all columns at once using pd.concat(axis=1) instead. To get a de-fragmented frame, use `newframe = frame.copy()`
  f[name] = s.reindex(idx)
/workspace/engine/inputs.py:205: PerformanceWarning: DataFrame is highly fragmented.  This is usually the result of calling `frame.insert` many times, which has poor performance.  Consider joining all columns at once using pd.concat(axis=1) instead. To get a de-fragmented frame, use `newframe = frame.copy()`
  f[name] = s.reindex(idx)
/workspace/engine/inputs.py:205: PerformanceWarning: DataFrame is highly fragmented.  This is usually the result of calling `frame.insert` many times, which has poor performance.  Consider joining all columns at once using pd.concat(axis=1) instead. To get a de-fragmented frame, use `newframe = frame.copy()`
  f[name] = s.reindex(idx)
/workspace/engine/inputs.py:205: PerformanceWarning: DataFrame is highly fragmented.  This is usually the result of calling `frame.insert` many times, which has poor performance.  Consider joining all columns at once using pd.concat(axis=1) instead. To get a de-fragmented frame, use `newframe = frame.copy()`
  f[name] = s.reindex(idx)
/workspace/engine/inputs.py:205: PerformanceWarning: DataFrame is highly fragmented.  This is usually the result of calling `frame.insert` many times, which has poor performance.  Consider joining all columns at once using pd.concat(axis=1) instead. To get a de-fragmented frame, use `newframe = frame.copy()`
  f[name] = s.reindex(idx)
/workspace/engine/inputs.py:205: PerformanceWarning: DataFrame is highly fragmented.  This is usually the result of calling `frame.insert` many times, which has poor performance.  Consider joining all columns at once using pd.concat(axis=1) instead. To get a de-fragmented frame, use `newframe = frame.copy()`
  f[name] = s.reindex(idx)
/workspace/engine/inputs.py:205: PerformanceWarning: DataFrame is highly fragmented.  This is usually the result of calling `frame.insert` many times, which has poor performance.  Consider joining all columns at once using pd.concat(axis=1) instead. To get a de-fragmented frame, use `newframe = frame.copy()`
  f[name] = s.reindex(idx)
/workspace/engine/inputs.py:205: PerformanceWarning: DataFrame is highly fragmented.  This is usually the result of calling `frame.insert` many times, which has poor performance.  Consider joining all columns at once using pd.concat(axis=1) instead. To get a de-fragmented frame, use `newframe = frame.copy()`
  f[name] = s.reindex(idx)
::warning title=equity_factors stale-tier column overridden::9 ticker(s) carried a FROZEN column in an earlier tier and a live one in a later tier — index migrants whose old tier's column stopped on index exit; the live column now wins: BTSG(smallcap_breadth->midcap_breadth), CAG(breadth->smallcap_breadth), CPB(breadth->smallcap_breadth), KRYS(smallcap_breadth->midcap_breadth), MOH(smallcap_breadth->midcap_breadth), POOL(breadth->smallcap_breadth), SANM(smallcap_breadth->midcap_breadth), SMTC(smallcap_breadth->midcap_breadth), VIAV(smallcap_breadth->midcap_breadth)
INFO residual_alpha: admitted 147 curated extras (e.g. ACHR, AEM, AFRM, AG, AGI)
INFO wrote alpha.json (1607 names, 11 sectors)
INFO wrote insider_signals.json (3440 names with 6mo Form-4 activity)
::warning title=manager_quality stale-tier column overridden::9 ticker(s) carried a FROZEN column in an earlier tier and a live one in a later tier — index migrants whose old tier's column stopped on index exit; the live column now wins: BTSG(smallcap_breadth->midcap_breadth), CAG(breadth->smallcap_breadth), CPB(breadth->smallcap_breadth), KRYS(smallcap_breadth->midcap_breadth), MOH(smallcap_breadth->midcap_breadth), POOL(breadth->smallcap_breadth), SANM(smallcap_breadth->midcap_breadth), SMTC(smallcap_breadth->midcap_breadth), VIAV(smallcap_breadth->midcap_breadth)
INFO manager_quality: 51 funds, 50 graded (>=8 events), horizon 63d
::warning title=manager_trades stale-tier column overridden::9 ticker(s) carried a FROZEN column in an earlier tier and a live one in a later tier — index migrants whose old tier's column stopped on index exit; the live column now wins: BTSG(smallcap_breadth->midcap_breadth), CAG(breadth->smallcap_breadth), CPB(breadth->smallcap_breadth), KRYS(smallcap_breadth->midcap_breadth), MOH(smallcap_breadth->midcap_breadth), POOL(breadth->smallcap_breadth), SANM(smallcap_breadth->midcap_breadth), SMTC(smallcap_breadth->midcap_breadth), VIAV(smallcap_breadth->midcap_breadth)
INFO wrote smartmoney.json (49 funds, 1315 names)
INFO cycles: loaded fitted bands from /workspace/data/regime/cycle_bands_fit.json
INFO cycles: equity dc_band override (36, 42) → (23, 44) (fitted)
INFO cycles: equity ic_band_w override (16, 26) → (13, 25) (fitted)
INFO cycles: loaded ladder risk calibration from /workspace/data/regime/ladder_risk_calibration.json (validated=False, any_bound=False)
INFO wrote 11 sector drill-down pages
INFO etfs: premium payload /premiumdata/etfs.json (40 board rows, 40 adds, 12 trims)
INFO wrote etfs.html (40 accumulation, 12 trims) + fund_flows.json (788 names)
INFO edgar panel cache fresh (2.7d) — skip fetch
INFO finra short interest: 1523 universe names, settlement 2026-08-14
INFO finra short interest history: 6088 rows (capture 2026-09-08)
INFO insider cache fresh (3.8d)
INFO insider panel backfill: 83 quarters 2006q1..2026q3
INFO insider panel: 2026q3 unavailable (skip)
INFO insider panel: 2342663 transactions, 17105 tickers, 2006-01-03..2026-06-30
INFO eps_quarterly cache fresh (3.8d) — skip fetch
::warning title=equity_factors stale price feeds::27/1525 name(s) lag the panel tip 2026-09-04 by >7d and are dropped from price-derived factors (mktcap, value yields, leadership) — fundamentals-only legs still publish: MRSH(78d), BRBR(78d), CWEN-A(70d), CLB(64d), ARI(64d), GDYN(64d), VITL(58d), GOGO(58d), OXM(58d), UHT(58d), IIIN(58d), ETD(58d) (+15 more)
/home/ubuntu/.local/lib/python3.12/site-packages/pandas/core/nanops.py:1716: RuntimeWarning: Degrees of freedom <= 0 for slice
  return np.cov(a, b, ddof=ddof)[0, 1]
/usr/local/lib/python3.12/dist-packages/numpy/lib/_function_base_impl.py:2888: RuntimeWarning: divide by zero encountered in divide
  c *= np.true_divide(1, fact)
/usr/local/lib/python3.12/dist-packages/numpy/lib/_function_base_impl.py:2888: RuntimeWarning: invalid value encountered in multiply
  c *= np.true_divide(1, fact)
INFO equity_factors: 52 share count(s) from Polygon reference (10 stale vs filing, 42 missing in EDGAR); largest gaps: {'BKNG': 23.72, 'CRWD': 4.06, 'VMRK': 2.05, 'APH': 2.01, 'MNST': 2.0, 'DVN': 1.77, 'WAT': 1.65, 'EG': 0.52}
INFO wrote factors.html (1514 names, FY2025, ic=yes, nw_state=yes, seas=yes, momo=yes)
INFO wrote signal_lab.html (65 signals, 1/11 factors survive FDR)
INFO wrote quant_lab.html (5 models, study=yes, live n=2844)
INFO wrote alerts.html (60 alerts: 1 critical / 1 major / 1 actionable, 2 with measured edge)
INFO wrote plans.html (essential $99/$75 save 24% · pro $149/$109 save 27%)
INFO wrote support.html (public support desk)
INFO wrote help.html (7 source-validated links)
INFO wrote unsubscribe.html (public opt-out)
INFO wrote advanced.html (103 KB)
INFO rr_banner.json written (alert=none)
INFO wrote factor_betas.json (1537 names)
INFO wrote transmission_chains.json (7 chains, asof=2026-09-04)
INFO OEU M-PRO options context: 7/65 buy cards flagged (661 wall rows, 10 IV histories)
ERROR gdelt_client: GDELT REJECTED the query (len=400) — STRUCTURAL, not retried; the query violates a server-side limit (e.g. max length, tightened ~2026-06-20) and must be shortened/split by the caller: 'Your query was too short or too long.\n'
WARNING gdelt_client: 429 rate-limited on attempt 0
WARNING gdelt_client: 429 rate-limited on attempt 1
WARNING gdelt_client: 429 rate-limited on attempt 2
INFO news_vector: 0 raw -> 0 gated -> 0 new events (1279 total)
INFO cycles: crypto dc_band override (56, 70) → (22, 45) (fitted)
INFO cycles: crypto ic_band_w override (24, 40) → (11, 22) (fitted)
INFO leadership_crack: wrote /workspace/data/leadership_crack/latest.json
INFO deterioration_cascade: wrote /workspace/data/deterioration_cascade/latest.json
INFO risk_envelope: session=2026-09-04 measured=RISK_ON hazard=FRAGILE coherence=CONTRADICTORY data=FRESH bundle=8ed1b5c2b113ba4c
INFO MACRO_DUMP_VM: cached view-model -> /workspace/data/_dev_macro_vm.pkl
{"status": "MACRO_TARGET_WRITTEN", "full_site_build": false, "utc": "2026-09-08T06:11:38.239077+00:00", "sha256": "1490abc9546659d6ab03013bd271521ec779ecde6719d2687ae7b9e0f29defe1"}
