{
  "full": {
    "from": "1994-02-01T00:00:00",
    "through": "2026-08-19T00:00:00",
    "n": 8191,
    "events": 1446,
    "base_rate": 0.17653522158466609,
    "population_sha256": "a2436bd50b075cb838540f0925628cbc79a5357ae11a16c88e0ac233395c1608",
    "all_sessions": {
      "n": 8191,
      "event_rate": 0.17653522158466609,
      "precision": 0.17653522158466609,
      "recall": 1.0,
      "f1": 0.30009339005914704,
      "fire_rate": 1.0,
      "lift_vs_base": 1.0,
      "confusion": {
        "tp": 1446,
        "fp": 6745,
        "fn": 0,
        "tn": 0
      }
    },
    "caution_plus": {
      "n": 8191,
      "event_rate": 0.19641401792991034,
      "precision": 0.19641401792991034,
      "recall": 0.8333333333333334,
      "f1": 0.31790001319087186,
      "fire_rate": 0.7489927969722866,
      "lift_vs_base": 1.1126052703069818,
      "confusion": {
        "tp": 1205,
        "fp": 4930,
        "fn": 241,
        "tn": 1815
      }
    },
    "persistent_caution_5": {
      "n": 8191,
      "event_rate": 0.202541393916057,
      "precision": 0.202541393916057,
      "recall": 0.7275242047026279,
      "f1": 0.31686746987951814,
      "fire_rate": 0.6341106092052252,
      "lift_vs_base": 1.1473143551635014,
      "confusion": {
        "tp": 1052,
        "fp": 4142,
        "fn": 394,
        "tn": 2603
      }
    }
  },
  "since_2020": {
    "from": "2020-01-02T00:00:00",
    "through": "2026-08-19T00:00:00",
    "n": 1666,
    "events": 294,
    "base_rate": 0.17647058823529413,
    "population_sha256": "7c04d5ee085c01bb5c514fc2602141cd01b83cf4745da745ad2dca6fa9ee73ec",
    "all_sessions": {
      "n": 1666,
      "event_rate": 0.17647058823529413,
      "precision": 0.17647058823529413,
      "recall": 1.0,
      "f1": 0.3,
      "fire_rate": 1.0,
      "lift_vs_base": 1.0,
      "confusion": {
        "tp": 294,
        "fp": 1372,
        "fn": 0,
        "tn": 0
      }
    },
    "caution_plus": {
      "n": 1666,
      "event_rate": 0.20611229566453448,
      "precision": 0.20611229566453448,
      "recall": 0.9863945578231292,
      "f1": 0.3409758965314521,
      "fire_rate": 0.8445378151260504,
      "lift_vs_base": 1.167969675432362,
      "confusion": {
        "tp": 290,
        "fp": 1117,
        "fn": 4,
        "tn": 255
      }
    },
    "persistent_caution_5": {
      "n": 1666,
      "event_rate": 0.22749590834697217,
      "precision": 0.22749590834697217,
      "recall": 0.9455782312925171,
      "f1": 0.36675461741424803,
      "fire_rate": 0.7334933973589436,
      "lift_vs_base": 1.2891434806328421,
      "confusion": {
        "tp": 278,
        "fp": 944,
        "fn": 16,
        "tn": 428
      }
    }
  },
  "event_view": {
    "definition": "risk_radar_caution_persistence_event.v1",
    "event_params": {
      "fwd": 21,
      "depth": 0.05,
      "min_gap": 21
    },
    "n_events": 110,
    "caution_by_t0": 106,
    "persistent_by_t0": 99,
    "caution_event_recall": 0.9636363636363636,
    "persistent_event_recall": 0.9,
    "persistent_median_lead_sessions_window_bounded": 21.0,
    "persistent_left_censored_n": 77,
    "persistent_exact_lead_n": 22,
    "persistent_median_lead_uncensored_sessions": 11.5,
    "persistent_before_breach_n": 99
  }
}
