
  prophet verb inks — as shipped

  pv-chip  (WCAG AA small text = 4.5:1)
         en/light  zh/light  en/dark   zh/dark
  buy     5.65       7.05       7.59       5.89
  near    4.88       5.74       5.53       4.69
  wait    4.55       4.55       6.06       6.06
  hold    5.07       5.07       4.61       4.61
  avoid   4.81       4.88       4.77       5.94

  pv-edn  (WCAG AA small text = 4.5:1)
         en/light  zh/light  en/dark   zh/dark
  buy     5.16       6.44       7.02       5.44
  near    5.33       6.35       6.35       5.22
  wait    4.78       4.78       7.01       7.01
  hold    5.54       5.54       5.15       5.15
  avoid   5.25       5.16       5.17       6.78

  pv-znl  (WCAG AA small text = 4.5:1)
         en/light  zh/light  en/dark   zh/dark
  buy     5.43       6.77       7.94       6.15
  near    5.61       6.68       7.18       5.91
  wait    5.03       5.03       7.93       7.93
  hold    5.83       5.83       5.83       5.83
  avoid   5.53       5.43       5.85       7.67

  pv-trg  (WCAG AA small text = 4.5:1)
         en/light  zh/light  en/dark   zh/dark
  buy     5.00       6.16       6.52       5.21
  near    5.17       6.10       5.95       5.00
  wait    4.76       4.76       6.55       6.55
  hold    5.37       5.37       4.91       4.91
  avoid   5.09       5.11       5.04       6.38

  all 80 pairs clear AA (worst 4.55:1).
