2026-10-11T23:02:37.6774267Z Current runner version: '2.337.0'
2026-10-11T23:02:37.6801317Z ##[group]Runner Image Provisioner
2026-10-11T23:02:37.6802252Z Hosted Compute Agent
2026-10-11T23:02:37.6802903Z Version: 20261002.596
2026-10-11T23:02:37.6803620Z Commit: c3d12f3313a95f25162a1503be624f3b0617f8c0
2026-10-11T23:02:37.6804363Z Build Date: 2026-10-02T22:28:27Z
2026-10-11T23:02:37.6805110Z Worker ID: {f377de58-cad4-4e80-8669-010fbd81c9e5}
2026-10-11T23:02:37.6805834Z Region: westus
2026-10-11T23:02:37.6806372Z Cloud: Azure
2026-10-11T23:02:37.6807044Z ##[endgroup]
2026-10-11T23:02:37.6808633Z ##[group]Operating System
2026-10-11T23:02:37.6809388Z Ubuntu
2026-10-11T23:02:37.6809914Z 24.04.5
2026-10-11T23:02:37.6810412Z LTS
2026-10-11T23:02:37.6811308Z ##[endgroup]
2026-10-11T23:02:37.6811892Z ##[group]Runner Image
2026-10-11T23:02:37.6812550Z Image: ubuntu-24.04
2026-10-11T23:02:37.6813160Z Version: 20261004.327.1
2026-10-11T23:02:37.6814495Z Included Software: https://github.com/actions/runner-images/blob/ubuntu24/20261004.327/images/ubuntu/Ubuntu2404-Readme.md
2026-10-11T23:02:37.6816149Z Image Release: https://github.com/actions/runner-images/releases/tag/ubuntu24%2F20261004.327
2026-10-11T23:02:37.6817168Z ##[endgroup]
2026-10-11T23:02:37.6818308Z ##[group]GITHUB_TOKEN Permissions
2026-10-11T23:02:37.6820524Z Contents: read
2026-10-11T23:02:37.6821608Z Metadata: read
2026-10-11T23:02:37.6822235Z ##[endgroup]
2026-10-11T23:02:37.6824861Z Secret source: Actions
2026-10-11T23:02:37.6826058Z Cache mode: write
2026-10-11T23:02:37.6827012Z Prepare workflow directory
2026-10-11T23:02:37.7192793Z Prepare all required actions
2026-10-11T23:02:37.7244959Z Getting action download info
2026-10-11T23:02:38.0749424Z Download action repository 'actions/checkout@v4' (SHA:11d5960a326750d5838078e36cf38b85af677262)
2026-10-11T23:02:38.1705512Z Download action repository 'actions/setup-python@v5' (SHA:a26af69be951a213d495a4c3e4e4022e16d87065)
2026-10-11T23:02:38.3549587Z Complete job name: contract-delta
2026-10-11T23:02:38.4382068Z ##[group]Run actions/checkout@v4
2026-10-11T23:02:38.4383035Z with:
2026-10-11T23:02:38.4383471Z   filter: blob:none
2026-10-11T23:02:38.4383928Z   fetch-depth: 1
2026-10-11T23:02:38.4384411Z   sparse-checkout: /*
!/site/
!/data/

2026-10-11T23:02:38.4385000Z   sparse-checkout-cone-mode: false
2026-10-11T23:02:38.4385635Z   repository: mastermindx-market-intelligence/macro
2026-10-11T23:02:38.4389731Z   token: ***
2026-10-11T23:02:38.4390164Z   ssh-strict: true
2026-10-11T23:02:38.4390606Z   ssh-user: git
2026-10-11T23:02:38.4391233Z   persist-credentials: true
2026-10-11T23:02:38.4391749Z   clean: true
2026-10-11T23:02:38.4392167Z   fetch-tags: false
2026-10-11T23:02:38.4392617Z   show-progress: true
2026-10-11T23:02:38.4393072Z   lfs: false
2026-10-11T23:02:38.4393489Z   submodules: false
2026-10-11T23:02:38.4393943Z   set-safe-directory: true
2026-10-11T23:02:38.4394453Z   allow-unsafe-pr-checkout: false
2026-10-11T23:02:38.4395241Z ##[endgroup]
2026-10-11T23:02:38.5435814Z Syncing repository: mastermindx-market-intelligence/macro
2026-10-11T23:02:38.5438242Z ##[group]Getting Git version info
2026-10-11T23:02:38.5438984Z Working directory is '/home/runner/work/macro/macro'
2026-10-11T23:02:38.5439965Z [command]/usr/bin/git version
2026-10-11T23:02:38.5561323Z git version 2.55.0
2026-10-11T23:02:38.5585545Z ##[endgroup]
2026-10-11T23:02:38.5604460Z Temporarily overriding HOME='/home/runner/work/_temp/35c6fb0f-c747-406f-aab0-9871170cb09e' before making global git config changes
2026-10-11T23:02:38.5606256Z Adding repository directory to the temporary git global config as a safe directory
2026-10-11T23:02:38.5611919Z [command]/usr/bin/git config --global --add safe.directory /home/runner/work/macro/macro
2026-10-11T23:02:38.5672923Z Deleting the contents of '/home/runner/work/macro/macro'
2026-10-11T23:02:38.5684874Z ##[group]Initializing the repository
2026-10-11T23:02:38.5692434Z [command]/usr/bin/git init /home/runner/work/macro/macro
2026-10-11T23:02:38.5891314Z hint: Using 'master' as the name for the initial branch. This default branch name
2026-10-11T23:02:38.5893552Z hint: will change to "main" in Git 3.0. To configure the initial branch name
2026-10-11T23:02:38.5894588Z hint: to use in all of your new repositories, which will suppress this warning,
2026-10-11T23:02:38.5895411Z hint: call:
2026-10-11T23:02:38.5895855Z hint:
2026-10-11T23:02:38.5896434Z hint: 	git config --global init.defaultBranch <name>
2026-10-11T23:02:38.5897129Z hint:
2026-10-11T23:02:38.5897775Z hint: Names commonly chosen instead of 'master' are 'main', 'trunk' and
2026-10-11T23:02:38.5899349Z hint: 'development'. The just-created branch can be renamed via this command:
2026-10-11T23:02:38.5900707Z hint:
2026-10-11T23:02:38.5901632Z hint: 	git branch -m <name>
2026-10-11T23:02:38.5902291Z hint:
2026-10-11T23:02:38.5903512Z hint: Disable this message with "git config set advice.defaultBranchName false"
2026-10-11T23:02:38.5905527Z Initialized empty Git repository in /home/runner/work/macro/macro/.git/
2026-10-11T23:02:38.5908800Z [command]/usr/bin/git remote add origin https://github.com/mastermindx-market-intelligence/macro
2026-10-11T23:02:38.5988045Z ##[endgroup]
2026-10-11T23:02:38.5989366Z ##[group]Disabling automatic garbage collection
2026-10-11T23:02:38.5992576Z [command]/usr/bin/git config --local gc.auto 0
2026-10-11T23:02:38.6042375Z ##[endgroup]
2026-10-11T23:02:38.6043525Z ##[group]Setting up auth
2026-10-11T23:02:38.6048422Z [command]/usr/bin/git config --local --name-only --get-regexp core\.sshCommand
2026-10-11T23:02:38.6087872Z [command]/usr/bin/git submodule foreach --recursive sh -c "git config --local --name-only --get-regexp 'core\.sshCommand' && git config --local --unset-all 'core.sshCommand' || :"
2026-10-11T23:02:38.6507744Z [command]/usr/bin/git config --local --name-only --get-regexp http\.https\:\/\/github\.com\/\.extraheader
2026-10-11T23:02:38.6549655Z [command]/usr/bin/git submodule foreach --recursive sh -c "git config --local --name-only --get-regexp 'http\.https\:\/\/github\.com\/\.extraheader' && git config --local --unset-all 'http.https://github.com/.extraheader' || :"
2026-10-11T23:02:38.6779967Z [command]/usr/bin/git config --local --name-only --get-regexp ^includeIf\.gitdir:
2026-10-11T23:02:38.6818725Z [command]/usr/bin/git submodule foreach --recursive git config --local --show-origin --name-only --get-regexp remote.origin.url
2026-10-11T23:02:38.7051108Z [command]/usr/bin/git config --local http.https://github.com/.extraheader AUTHORIZATION: basic ***
2026-10-11T23:02:38.7092804Z ##[endgroup]
2026-10-11T23:02:38.7093715Z ##[group]Fetching the repository
2026-10-11T23:02:38.7103038Z [command]/usr/bin/git -c protocol.version=2 fetch --no-tags --prune --no-recurse-submodules --filter=blob:none --depth=1 origin +95006faa46310ca870c0afcc6cc63c9b65b684d4:refs/remotes/pull/8698/merge
2026-10-11T23:02:39.3884782Z From https://github.com/mastermindx-market-intelligence/macro
2026-10-11T23:02:39.3887064Z  * [new ref]         95006faa46310ca870c0afcc6cc63c9b65b684d4 -> pull/8698/merge
2026-10-11T23:02:39.3891915Z ##[endgroup]
2026-10-11T23:02:39.3893595Z ##[group]Determining the checkout info
2026-10-11T23:02:39.3895583Z ##[endgroup]
2026-10-11T23:02:39.3897208Z ##[group]Setting up sparse checkout
2026-10-11T23:02:39.3912450Z [command]/usr/bin/git config core.sparseCheckout true
2026-10-11T23:02:39.3953376Z [command]/usr/bin/git rev-parse --git-path info/sparse-checkout
2026-10-11T23:02:39.3979816Z .git/info/sparse-checkout
2026-10-11T23:02:39.3989241Z ##[endgroup]
2026-10-11T23:02:39.3990609Z ##[group]Checking out the ref
2026-10-11T23:02:39.3995896Z [command]/usr/bin/git checkout --progress --force refs/remotes/pull/8698/merge
2026-10-11T23:04:05.0867451Z Updating files:   0% (1/25815)
2026-10-11T23:04:05.1053818Z Updating files:   1% (259/25815)
2026-10-11T23:04:05.1235051Z Updating files:   2% (517/25815)
2026-10-11T23:04:05.1393266Z Updating files:   3% (775/25815)
2026-10-11T23:04:05.1591729Z Updating files:   4% (1033/25815)
2026-10-11T23:04:05.1845035Z Updating files:   5% (1291/25815)
2026-10-11T23:04:05.2093061Z Updating files:   6% (1549/25815)
2026-10-11T23:04:05.2337392Z Updating files:   7% (1808/25815)
2026-10-11T23:04:05.2632021Z Updating files:   8% (2066/25815)
2026-10-11T23:04:05.2985199Z Updating files:   9% (2324/25815)
2026-10-11T23:04:05.3157929Z Updating files:  10% (2582/25815)
2026-10-11T23:04:05.3928966Z Updating files:  11% (2840/25815)
2026-10-11T23:04:05.4599112Z Updating files:  12% (3098/25815)
2026-10-11T23:04:05.4953149Z Updating files:  13% (3356/25815)
2026-10-11T23:04:05.5316024Z Updating files:  14% (3615/25815)
2026-10-11T23:04:05.5679359Z Updating files:  15% (3873/25815)
2026-10-11T23:04:05.6160568Z Updating files:  16% (4131/25815)
2026-10-11T23:04:05.6598440Z Updating files:  17% (4389/25815)
2026-10-11T23:04:05.7010498Z Updating files:  18% (4647/25815)
2026-10-11T23:04:05.7039537Z Updating files:  19% (4905/25815)
2026-10-11T23:04:05.7369647Z Updating files:  19% (4921/25815)
2026-10-11T23:04:05.9710676Z Updating files:  20% (5163/25815)
2026-10-11T23:04:06.1111493Z Updating files:  21% (5422/25815)
2026-10-11T23:04:06.2819096Z Updating files:  22% (5680/25815)
2026-10-11T23:04:06.4509986Z Updating files:  23% (5938/25815)
2026-10-11T23:04:06.6300777Z Updating files:  24% (6196/25815)
2026-10-11T23:04:06.7048940Z Updating files:  25% (6454/25815)
2026-10-11T23:04:07.0042365Z Updating files:  25% (6493/25815)
2026-10-11T23:04:07.6290099Z Updating files:  26% (6712/25815)
2026-10-11T23:04:07.7041528Z Updating files:  27% (6971/25815)
2026-10-11T23:04:07.9326258Z Updating files:  27% (7097/25815)
2026-10-11T23:04:08.3362795Z Updating files:  28% (7229/25815)
2026-10-11T23:04:08.5742594Z Updating files:  29% (7487/25815)
2026-10-11T23:04:08.6932333Z Updating files:  30% (7745/25815)
2026-10-11T23:04:08.7044312Z Updating files:  31% (8003/25815)
2026-10-11T23:04:09.0224273Z Updating files:  31% (8049/25815)
2026-10-11T23:04:09.0838425Z Updating files:  32% (8261/25815)
2026-10-11T23:04:09.7052390Z Updating files:  33% (8519/25815)
2026-10-11T23:04:09.8273317Z Updating files:  33% (8719/25815)
2026-10-11T23:04:10.0502901Z Updating files:  34% (8778/25815)
2026-10-11T23:04:10.3010802Z Updating files:  35% (9036/25815)
2026-10-11T23:04:10.6720241Z Updating files:  36% (9294/25815)
2026-10-11T23:04:10.7039939Z Updating files:  37% (9552/25815)
2026-10-11T23:04:10.9365748Z Updating files:  37% (9586/25815)
2026-10-11T23:04:11.1404841Z Updating files:  38% (9810/25815)
2026-10-11T23:04:11.2917623Z Updating files:  39% (10068/25815)
2026-10-11T23:04:11.7080155Z Updating files:  40% (10326/25815)
2026-10-11T23:04:12.2426559Z Updating files:  40% (10412/25815)
2026-10-11T23:04:12.6066156Z Updating files:  41% (10585/25815)
2026-10-11T23:04:12.7070129Z Updating files:  42% (10843/25815)
2026-10-11T23:04:12.7724652Z Updating files:  42% (11078/25815)
2026-10-11T23:04:12.9438304Z Updating files:  43% (11101/25815)
2026-10-11T23:04:13.1990377Z Updating files:  44% (11359/25815)
2026-10-11T23:04:13.6392824Z Updating files:  45% (11617/25815)
2026-10-11T23:04:13.7038898Z Updating files:  46% (11875/25815)
2026-10-11T23:04:13.8321962Z Updating files:  46% (11956/25815)
2026-10-11T23:04:14.0131906Z Updating files:  47% (12134/25815)
2026-10-11T23:04:14.3807090Z Updating files:  48% (12392/25815)
2026-10-11T23:04:14.5624435Z Updating files:  49% (12650/25815)
2026-10-11T23:04:14.7038663Z Updating files:  50% (12908/25815)
2026-10-11T23:04:14.9951872Z Updating files:  50% (13033/25815)
2026-10-11T23:04:15.2015403Z Updating files:  51% (13166/25815)
2026-10-11T23:04:15.2558569Z Updating files:  52% (13424/25815)
2026-10-11T23:04:15.2947564Z Updating files:  53% (13682/25815)
2026-10-11T23:04:15.3339578Z Updating files:  54% (13941/25815)
2026-10-11T23:04:15.3763932Z Updating files:  55% (14199/25815)
2026-10-11T23:04:15.4138435Z Updating files:  56% (14457/25815)
2026-10-11T23:04:15.5520828Z Updating files:  57% (14715/25815)
2026-10-11T23:04:15.6307481Z Updating files:  58% (14973/25815)
2026-10-11T23:04:15.6780565Z Updating files:  59% (15231/25815)
2026-10-11T23:04:15.7044767Z Updating files:  60% (15489/25815)
2026-10-11T23:04:15.7469525Z Updating files:  60% (15572/25815)
2026-10-11T23:04:15.7976906Z Updating files:  61% (15748/25815)
2026-10-11T23:04:15.9116805Z Updating files:  62% (16006/25815)
2026-10-11T23:04:15.9582500Z Updating files:  63% (16264/25815)
2026-10-11T23:04:15.9896374Z Updating files:  64% (16522/25815)
2026-10-11T23:04:16.0528288Z Updating files:  65% (16780/25815)
2026-10-11T23:04:16.1633410Z Updating files:  66% (17038/25815)
2026-10-11T23:04:16.2565924Z Updating files:  67% (17297/25815)
2026-10-11T23:04:16.2794937Z Updating files:  68% (17555/25815)
2026-10-11T23:04:16.3203892Z Updating files:  69% (17813/25815)
2026-10-11T23:04:16.3600352Z Updating files:  70% (18071/25815)
2026-10-11T23:04:16.4058753Z Updating files:  71% (18329/25815)
2026-10-11T23:04:16.4552721Z Updating files:  72% (18587/25815)
2026-10-11T23:04:16.5277464Z Updating files:  73% (18845/25815)
2026-10-11T23:04:16.5630220Z Updating files:  74% (19104/25815)
2026-10-11T23:04:16.5976861Z Updating files:  75% (19362/25815)
2026-10-11T23:04:16.6373606Z Updating files:  76% (19620/25815)
2026-10-11T23:04:16.6698684Z Updating files:  77% (19878/25815)
2026-10-11T23:04:16.7039871Z Updating files:  78% (20136/25815)
2026-10-11T23:04:16.7080509Z Updating files:  78% (20370/25815)
2026-10-11T23:04:16.7437037Z Updating files:  79% (20394/25815)
2026-10-11T23:04:16.7897715Z Updating files:  80% (20652/25815)
2026-10-11T23:04:16.8530149Z Updating files:  81% (20911/25815)
2026-10-11T23:04:16.9069128Z Updating files:  82% (21169/25815)
2026-10-11T23:04:16.9283967Z Updating files:  83% (21427/25815)
2026-10-11T23:04:16.9589514Z Updating files:  84% (21685/25815)
2026-10-11T23:04:16.9913798Z Updating files:  85% (21943/25815)
2026-10-11T23:04:17.0346035Z Updating files:  86% (22201/25815)
2026-10-11T23:04:17.0675273Z Updating files:  87% (22460/25815)
2026-10-11T23:04:17.0987580Z Updating files:  88% (22718/25815)
2026-10-11T23:04:17.1284776Z Updating files:  89% (22976/25815)
2026-10-11T23:04:17.1612798Z Updating files:  90% (23234/25815)
2026-10-11T23:04:17.2002001Z Updating files:  91% (23492/25815)
2026-10-11T23:04:17.2350946Z Updating files:  92% (23750/25815)
2026-10-11T23:04:17.2696221Z Updating files:  93% (24008/25815)
2026-10-11T23:04:17.3031971Z Updating files:  94% (24267/25815)
2026-10-11T23:04:17.3327103Z Updating files:  95% (24525/25815)
2026-10-11T23:04:17.3807454Z Updating files:  96% (24783/25815)
2026-10-11T23:04:17.5508386Z Updating files:  97% (25041/25815)
2026-10-11T23:04:17.7063701Z Updating files:  98% (25299/25815)
2026-10-11T23:04:17.7833691Z Updating files:  98% (25501/25815)
2026-10-11T23:04:18.1140532Z Updating files:  99% (25557/25815)
2026-10-11T23:04:18.1141716Z Updating files: 100% (25815/25815)
2026-10-11T23:04:18.1142094Z Updating files: 100% (25815/25815), done.
2026-10-11T23:04:18.2029498Z Note: switching to 'refs/remotes/pull/8698/merge'.
2026-10-11T23:04:18.2030110Z
2026-10-11T23:04:18.2030588Z You are in 'detached HEAD' state. You can look around, make experimental
2026-10-11T23:04:18.2031722Z changes and commit them, and you can discard any commits you make in this
2026-10-11T23:04:18.2032455Z state without impacting any branches by switching back to a branch.
2026-10-11T23:04:18.2032875Z
2026-10-11T23:04:18.2033155Z If you want to create a new branch to retain commits you create, you may
2026-10-11T23:04:18.2033815Z do so (now or later) by using -c with the switch command. Example:
2026-10-11T23:04:18.2034196Z
2026-10-11T23:04:18.2034345Z   git switch -c <new-branch-name>
2026-10-11T23:04:18.2034599Z
2026-10-11T23:04:18.2034735Z Or undo this operation with:
2026-10-11T23:04:18.2034968Z
2026-10-11T23:04:18.2035091Z   git switch -
2026-10-11T23:04:18.2035263Z
2026-10-11T23:04:18.2035576Z Turn off this advice by setting config variable advice.detachedHead to false
2026-10-11T23:04:18.2036034Z
2026-10-11T23:04:18.2036581Z HEAD is now at 95006faa Merge 2a08250fe61aa59ad3e1581149f0b93e9d5a17cf into e9a45f4d4723d9a9c913d7ad398700fca8cc6891
2026-10-11T23:04:18.2481454Z ##[endgroup]
2026-10-11T23:04:18.2527722Z [command]/usr/bin/git log -1 --format=%H
2026-10-11T23:04:18.2556196Z 95006faa46310ca870c0afcc6cc63c9b65b684d4
2026-10-11T23:04:18.2818085Z ##[group]Run actions/setup-python@v5
2026-10-11T23:04:18.2818388Z with:
2026-10-11T23:04:18.2818585Z   python-version: 3.12.13
2026-10-11T23:04:18.2818831Z   check-latest: false
2026-10-11T23:04:18.2821911Z   token: ***
2026-10-11T23:04:18.2822129Z   update-environment: true
2026-10-11T23:04:18.2822370Z   allow-prereleases: false
2026-10-11T23:04:18.2822605Z   freethreaded: false
2026-10-11T23:04:18.2822814Z ##[endgroup]
2026-10-11T23:04:18.4211362Z ##[group]Installed versions
2026-10-11T23:04:18.4235129Z Version 3.12.13 was not found in the local cache
2026-10-11T23:04:18.4363998Z (node:2334) [DEP0040] DeprecationWarning: The `punycode` module is deprecated. Please use a userland alternative instead.
2026-10-11T23:04:18.4365272Z (Use `node --trace-deprecation ...` to show where the warning was created)
2026-10-11T23:04:19.1132675Z Version 3.12.13 is available for downloading
2026-10-11T23:04:19.1134205Z Download from "https://github.com/actions/python-versions/releases/download/3.12.13-27650778726/python-3.12.13-linux-24.04-x64.tar.gz"
2026-10-11T23:04:19.7618557Z Extract downloaded archive
2026-10-11T23:04:19.7739566Z [command]/usr/bin/tar xz --warning=no-unknown-keyword --overwrite -C /home/runner/work/_temp/7d8602ba-d425-4640-8c46-7a1bb049d90d -f /home/runner/work/_temp/e8e4ed37-8af1-4325-9bab-a2b10889168f
2026-10-11T23:04:21.6996580Z Execute installation script
2026-10-11T23:04:21.7090593Z Check if Python hostedtoolcache folder exist...
2026-10-11T23:04:21.7098588Z Create Python 3.12.13 folder
2026-10-11T23:04:21.7109277Z Copy Python binaries to hostedtoolcache folder
2026-10-11T23:04:22.2401993Z Create additional symlinks (Required for the UsePythonVersion Azure Pipelines task and the setup-python GitHub Action)
2026-10-11T23:04:22.2442470Z Upgrading pip...
2026-10-11T23:04:24.8915864Z Collecting pip
2026-10-11T23:04:24.9707434Z Downloading pip-26.2.1-py3-none-any.whl.metadata (4.6 kB)
2026-10-11T23:04:24.9950211Z Downloading pip-26.2.1-py3-none-any.whl (1.8 MB)
2026-10-11T23:04:25.1252373Z ━━━━━━━━━━━━━━━━━━━━━━━━━━━━━━━━━━━━━━━━ 1.8/1.8 MB 20.7 MB/s eta 0:00:00
2026-10-11T23:04:25.1252843Z
2026-10-11T23:04:25.1448940Z Installing collected packages: pip
2026-10-11T23:04:25.1452308Z Attempting uninstall: pip
2026-10-11T23:04:25.1472849Z Found existing installation: pip 25.0.1
2026-10-11T23:04:25.1835577Z Uninstalling pip-25.0.1:
2026-10-11T23:04:25.1893325Z Successfully uninstalled pip-25.0.1
2026-10-11T23:04:26.1123717Z Successfully installed pip-26.2.1
2026-10-11T23:04:26.1645791Z Create complete file
2026-10-11T23:04:26.1685705Z Successfully set up CPython (3.12.13)
2026-10-11T23:04:26.1687252Z ##[endgroup]
2026-10-11T23:04:26.1850457Z ##[group]Run pip install pytest pyyaml
2026-10-11T23:04:26.1850828Z pip install pytest pyyaml
2026-10-11T23:04:26.2130239Z shell: /usr/bin/bash -e {0}
2026-10-11T23:04:26.2130583Z env:
2026-10-11T23:04:26.2131140Z   pythonLocation: /opt/hostedtoolcache/Python/3.12.13/x64
2026-10-11T23:04:26.2131766Z   PKG_CONFIG_PATH: /opt/hostedtoolcache/Python/3.12.13/x64/lib/pkgconfig
2026-10-11T23:04:26.2132320Z   Python_ROOT_DIR: /opt/hostedtoolcache/Python/3.12.13/x64
2026-10-11T23:04:26.2132806Z   Python2_ROOT_DIR: /opt/hostedtoolcache/Python/3.12.13/x64
2026-10-11T23:04:26.2133296Z   Python3_ROOT_DIR: /opt/hostedtoolcache/Python/3.12.13/x64
2026-10-11T23:04:26.2133798Z   LD_LIBRARY_PATH: /opt/hostedtoolcache/Python/3.12.13/x64/lib
2026-10-11T23:04:26.2134217Z ##[endgroup]
2026-10-11T23:04:26.6940417Z Collecting pytest
2026-10-11T23:04:26.7654732Z   Downloading pytest-9.1.1-py3-none-any.whl.metadata (7.6 kB)
2026-10-11T23:04:26.8173562Z Collecting pyyaml
2026-10-11T23:04:26.8309222Z   Downloading pyyaml-6.0.3-cp312-cp312-manylinux2014_x86_64.manylinux_2_17_x86_64.manylinux_2_28_x86_64.whl.metadata (2.4 kB)
2026-10-11T23:04:26.8496678Z Collecting iniconfig>=1.0.1 (from pytest)
2026-10-11T23:04:26.8613395Z   Downloading iniconfig-2.3.1-py3-none-any.whl.metadata (2.8 kB)
2026-10-11T23:04:26.8842418Z Collecting packaging>=22 (from pytest)
2026-10-11T23:04:26.8959810Z   Downloading packaging-26.3-py3-none-any.whl.metadata (3.5 kB)
2026-10-11T23:04:26.9165069Z Collecting pluggy<2,>=1.5 (from pytest)
2026-10-11T23:04:26.9318648Z   Downloading pluggy-1.6.0-py3-none-any.whl.metadata (4.8 kB)
2026-10-11T23:04:26.9602278Z Collecting pygments>=2.7.2 (from pytest)
2026-10-11T23:04:26.9726034Z   Downloading pygments-2.21.0-py3-none-any.whl.metadata (2.5 kB)
2026-10-11T23:04:26.9891538Z Downloading pytest-9.1.1-py3-none-any.whl (386 kB)
2026-10-11T23:04:27.0384188Z Downloading pluggy-1.6.0-py3-none-any.whl (20 kB)
2026-10-11T23:04:27.0522380Z Downloading pyyaml-6.0.3-cp312-cp312-manylinux2014_x86_64.manylinux_2_17_x86_64.manylinux_2_28_x86_64.whl (807 kB)
2026-10-11T23:04:27.0842575Z    ━━━━━━━━━━━━━━━━━━━━━━━━━━━━━━━━━━━━━━━━ 807.9/807.9 kB 27.2 MB/s  0:00:00
2026-10-11T23:04:27.0966643Z Downloading iniconfig-2.3.1-py3-none-any.whl (7.6 kB)
2026-10-11T23:04:27.1116771Z Downloading packaging-26.3-py3-none-any.whl (129 kB)
2026-10-11T23:04:27.1256506Z Downloading pygments-2.21.0-py3-none-any.whl (1.3 MB)
2026-10-11T23:04:27.1494448Z    ━━━━━━━━━━━━━━━━━━━━━━━━━━━━━━━━━━━━━━━━ 1.3/1.3 MB 48.5 MB/s  0:00:00
2026-10-11T23:04:27.1940704Z Installing collected packages: pyyaml, pygments, pluggy, packaging, iniconfig, pytest
2026-10-11T23:04:28.3867295Z
2026-10-11T23:04:28.3880052Z Successfully installed iniconfig-2.3.1 packaging-26.3 pluggy-1.6.0 pygments-2.21.0 pytest-9.1.1 pyyaml-6.0.3
2026-10-11T23:04:28.4403204Z ##[group]Run set -euo pipefail
2026-10-11T23:04:28.4403543Z set -euo pipefail
2026-10-11T23:04:28.4403828Z tested_merge=$(git rev-parse HEAD)
2026-10-11T23:04:28.4404164Z if [ "$tested_merge" != "$GITHUB_SHA" ]; then
2026-10-11T23:04:28.4404640Z   echo "::error title=contract-delta::checkout HEAD does not match GITHUB_SHA" >&2
2026-10-11T23:04:28.4405056Z   exit 1
2026-10-11T23:04:28.4405249Z fi
2026-10-11T23:04:28.4405584Z # `actions/checkout` uses fetch-depth: 1 above, so Git marks this merge
2026-10-11T23:04:28.4406108Z # commit as a shallow boundary and revision-walking formats such as `%P`
2026-10-11T23:04:28.4406610Z # hide its parents. Read the immutable raw commit headers instead; they
2026-10-11T23:04:28.4407112Z # retain the exact parent OIDs even before either parent object is fetched.
2026-10-11T23:04:28.4407621Z parents=$(git cat-file -p HEAD | sed -n 's/^parent //p')
2026-10-11T23:04:28.4407969Z set -- $parents
2026-10-11T23:04:28.4408196Z if [ "$#" -ne 2 ]; then
2026-10-11T23:04:28.4408625Z   echo "::error title=contract-delta::PR checkout is not an exact two-parent tested merge" >&2
2026-10-11T23:04:28.4409069Z   exit 1
2026-10-11T23:04:28.4409259Z fi
2026-10-11T23:04:28.4409441Z tested_base=$1
2026-10-11T23:04:28.4409661Z tested_head=$2
2026-10-11T23:04:28.4409926Z if [ "$tested_head" != "$EXPECTED_PR_HEAD" ]; then
2026-10-11T23:04:28.4410462Z   echo "::error title=contract-delta::tested merge second parent does not match the exact PR head" >&2
2026-10-11T23:04:28.4411225Z   exit 1
2026-10-11T23:04:28.4411426Z fi
2026-10-11T23:04:28.4411666Z echo "base_sha=$tested_base" >> "$GITHUB_OUTPUT"
2026-10-11T23:04:28.4412019Z echo "head_sha=$tested_head" >> "$GITHUB_OUTPUT"
2026-10-11T23:04:28.4478330Z shell: /usr/bin/bash --noprofile --norc -e -o pipefail {0}
2026-10-11T23:04:28.4478670Z env:
2026-10-11T23:04:28.4478937Z   pythonLocation: /opt/hostedtoolcache/Python/3.12.13/x64
2026-10-11T23:04:28.4479370Z   PKG_CONFIG_PATH: /opt/hostedtoolcache/Python/3.12.13/x64/lib/pkgconfig
2026-10-11T23:04:28.4479790Z   Python_ROOT_DIR: /opt/hostedtoolcache/Python/3.12.13/x64
2026-10-11T23:04:28.4480172Z   Python2_ROOT_DIR: /opt/hostedtoolcache/Python/3.12.13/x64
2026-10-11T23:04:28.4480563Z   Python3_ROOT_DIR: /opt/hostedtoolcache/Python/3.12.13/x64
2026-10-11T23:04:28.4481332Z   LD_LIBRARY_PATH: /opt/hostedtoolcache/Python/3.12.13/x64/lib
2026-10-11T23:04:28.4481719Z   EXPECTED_PR_HEAD: 2a08250fe61aa59ad3e1581149f0b93e9d5a17cf
2026-10-11T23:04:28.4482030Z ##[endgroup]
2026-10-11T23:04:28.4674351Z ##[group]Run git fetch --depth=1 origin e9a45f4d4723d9a9c913d7ad398700fca8cc6891
2026-10-11T23:04:28.4674920Z git fetch --depth=1 origin e9a45f4d4723d9a9c913d7ad398700fca8cc6891
2026-10-11T23:04:28.4738416Z shell: /usr/bin/bash -e {0}
2026-10-11T23:04:28.4738666Z env:
2026-10-11T23:04:28.4738926Z   pythonLocation: /opt/hostedtoolcache/Python/3.12.13/x64
2026-10-11T23:04:28.4739361Z   PKG_CONFIG_PATH: /opt/hostedtoolcache/Python/3.12.13/x64/lib/pkgconfig
2026-10-11T23:04:28.4739787Z   Python_ROOT_DIR: /opt/hostedtoolcache/Python/3.12.13/x64
2026-10-11T23:04:28.4740157Z   Python2_ROOT_DIR: /opt/hostedtoolcache/Python/3.12.13/x64
2026-10-11T23:04:28.4740531Z   Python3_ROOT_DIR: /opt/hostedtoolcache/Python/3.12.13/x64
2026-10-11T23:04:28.4741194Z   LD_LIBRARY_PATH: /opt/hostedtoolcache/Python/3.12.13/x64/lib
2026-10-11T23:04:28.4741559Z ##[endgroup]
2026-10-11T23:04:29.1123633Z From https://github.com/mastermindx-market-intelligence/macro
2026-10-11T23:04:29.1124337Z  * branch              e9a45f4d4723d9a9c913d7ad398700fca8cc6891 -> FETCH_HEAD
2026-10-11T23:04:29.1212977Z ##[group]Run python scripts/check_contract_delta.py --base e9a45f4d4723d9a9c913d7ad398700fca8cc6891
2026-10-11T23:04:29.1213706Z python scripts/check_contract_delta.py --base e9a45f4d4723d9a9c913d7ad398700fca8cc6891
2026-10-11T23:04:29.1278904Z shell: /usr/bin/bash -e {0}
2026-10-11T23:04:29.1279152Z env:
2026-10-11T23:04:29.1279420Z   pythonLocation: /opt/hostedtoolcache/Python/3.12.13/x64
2026-10-11T23:04:29.1279865Z   PKG_CONFIG_PATH: /opt/hostedtoolcache/Python/3.12.13/x64/lib/pkgconfig
2026-10-11T23:04:29.1280289Z   Python_ROOT_DIR: /opt/hostedtoolcache/Python/3.12.13/x64
2026-10-11T23:04:29.1280682Z   Python2_ROOT_DIR: /opt/hostedtoolcache/Python/3.12.13/x64
2026-10-11T23:04:29.1281357Z   Python3_ROOT_DIR: /opt/hostedtoolcache/Python/3.12.13/x64
2026-10-11T23:04:29.1281759Z   LD_LIBRARY_PATH: /opt/hostedtoolcache/Python/3.12.13/x64/lib
2026-10-11T23:04:29.1282081Z ##[endgroup]
2026-10-11T23:15:51.6442003Z contract-delta: probe templates/index.html: head 134 jobs / 5,775 s / 10 packs; base 134 jobs / 5,775 s / 10 packs; ceilings 135 / 5,800 / 10
2026-10-11T23:15:51.6443022Z contract-delta: probe scripts/build_free_content.py: head 133 jobs / 5,572 s / 10 packs; base 133 jobs / 5,572 s / 10 packs; ceilings 134 / 5,600 / 10
2026-10-11T23:15:51.6443937Z contract-delta: probe engine/prophet/plan_book.py: head 128 jobs / 5,532 s / 10 packs; base 128 jobs / 5,532 s / 10 packs; ceilings 129 / 5,600 / 10
2026-10-11T23:15:51.6444757Z contract-delta: head census seconds: closure_and_suites 402.3, probes 185.2, skip_only 28.1, trigger_gaps 49.5
2026-10-11T23:15:51.6445489Z contract-delta: base census seconds: closure_and_suites 366.4, probes 159.7, skip_only 27.7, trigger_gaps 48.7
2026-10-11T23:15:51.6465598Z ##[error]dataos-prospective-reference: import closure now reaches lib/nyse_calendar.py, which .github/ci/legacy-jobs.yml's declared `paths:` for dataos-prospective-reference does not cover — widen dataos-prospective-reference's `paths:` to include lib/nyse_calendar.py (widening is always the safe direction)
2026-10-11T23:15:51.6474733Z contract-delta: 1 introduced, 0 inherited (base e9a45f4d4723)
2026-10-11T23:15:51.6475121Z contract-delta: wall 682.3 s
2026-10-11T23:15:51.6755001Z ##[error]Process completed with exit code 1.
2026-10-11T23:15:51.6895896Z Post job cleanup.
2026-10-11T23:15:51.7740651Z [command]/usr/bin/git version
2026-10-11T23:15:51.7784897Z git version 2.55.0
2026-10-11T23:15:51.7826742Z Temporarily overriding HOME='/home/runner/work/_temp/7147595f-c581-4bc3-9e78-59c21b1d8e2c' before making global git config changes
2026-10-11T23:15:51.7828069Z Adding repository directory to the temporary git global config as a safe directory
2026-10-11T23:15:51.7832639Z [command]/usr/bin/git config --global --add safe.directory /home/runner/work/macro/macro
2026-10-11T23:15:51.7875848Z [command]/usr/bin/git config --local --name-only --get-regexp core\.sshCommand
2026-10-11T23:15:51.7911825Z [command]/usr/bin/git submodule foreach --recursive sh -c "git config --local --name-only --get-regexp 'core\.sshCommand' && git config --local --unset-all 'core.sshCommand' || :"
2026-10-11T23:15:51.8247472Z [command]/usr/bin/git config --local --name-only --get-regexp http\.https\:\/\/github\.com\/\.extraheader
2026-10-11T23:15:51.8270469Z http.https://github.com/.extraheader
2026-10-11T23:15:51.8283507Z [command]/usr/bin/git config --local --unset-all http.https://github.com/.extraheader
2026-10-11T23:15:51.8324399Z [command]/usr/bin/git submodule foreach --recursive sh -c "git config --local --name-only --get-regexp 'http\.https\:\/\/github\.com\/\.extraheader' && git config --local --unset-all 'http.https://github.com/.extraheader' || :"
2026-10-11T23:15:51.8687099Z [command]/usr/bin/git config --local --name-only --get-regexp ^includeIf\.gitdir:
2026-10-11T23:15:51.8719281Z [command]/usr/bin/git submodule foreach --recursive git config --local --show-origin --name-only --get-regexp remote.origin.url
2026-10-11T23:15:51.9193912Z Cleaning up orphan processes
2026-10-11T23:15:51.9509562Z ##[warning]Node.js 20 is deprecated. The following actions target Node.js 20 but are being forced to run on Node.js 24: actions/checkout@v4, actions/setup-python@v5. For more information see: https://github.blog/changelog/2025-09-19-deprecation-of-node-20-on-github-actions-runners/
