{"schema": "tiingo_attended_eod_batch.v1", "observed_at_utc": "2026-10-11T19:49:01.132418+00:00", "source_logic_sha": "bddd8da1f5c5225b258ff4d6d35ce72fca5a09fb", "calling_carrier_sha": "6eccb5aa3d3f640b8aea8dc61653bc0b4b5e9bde", "catalogue_sha256": "015cda96b828344e26f5937f426cbc40a7b8fe2edc9a023a342a3743799abcf0", "reacquired_catalogue": false, "selection_scope": "next additional 1000 exact-identifier USD stocks/ETFs on US exchanges in digest-bound catalogue pages; acquisition only", "request_cap": 1000, "completed_symbols_excluded": 1555, "full_catalogue_candidate_count_before_exchange_filter": 47960, "account_hourly_allocation": 20000, "account_daily_allocation": 150000, "account_monthly_bandwidth_gb": 100, "preflight_free_gib": 262.3024597167969, "largest_observed_full_eod_response_bytes": 4087908, "conservative_batch_bandwidth_gb_at_largest_observed_response": 4.087908, "free_reserve_gib": 35, "canonical_identity_admitted": false, "pit_backtest_eligible": false, "attended_bounded_process": true, "persistent_queue_created": false}
{"phase": "progress", "elapsed_seconds": 72.394, "attempted": 25, "ok": 25, "new": 25, "failed": 0, "row_hints": 59105, "bytes": 13937127, "errors": []}
{"phase": "progress", "elapsed_seconds": 119.665, "attempted": 50, "ok": 50, "new": 50, "failed": 0, "row_hints": 110470, "bytes": 25657253, "errors": []}
{"phase": "progress", "elapsed_seconds": 177.12, "attempted": 75, "ok": 75, "new": 75, "failed": 0, "row_hints": 172499, "bytes": 39955521, "errors": []}
{"phase": "progress", "elapsed_seconds": 244.664, "attempted": 100, "ok": 100, "new": 100, "failed": 0, "row_hints": 241516, "bytes": 55827021, "errors": []}
{"phase": "progress", "elapsed_seconds": 301.248, "attempted": 125, "ok": 125, "new": 125, "failed": 0, "row_hints": 298247, "bytes": 69021746, "errors": []}
{"phase": "progress", "elapsed_seconds": 356.843, "attempted": 150, "ok": 150, "new": 150, "failed": 0, "row_hints": 357193, "bytes": 82811357, "errors": []}
{"phase": "progress", "elapsed_seconds": 416.436, "attempted": 175, "ok": 175, "new": 175, "failed": 0, "row_hints": 413125, "bytes": 95433026, "errors": []}
{"phase": "progress", "elapsed_seconds": 475.631, "attempted": 200, "ok": 200, "new": 200, "failed": 0, "row_hints": 457989, "bytes": 105794355, "errors": []}
{"phase": "progress", "elapsed_seconds": 533.115, "attempted": 225, "ok": 225, "new": 225, "failed": 0, "row_hints": 519052, "bytes": 119713795, "errors": []}
{"phase": "progress", "elapsed_seconds": 579.578, "attempted": 250, "ok": 250, "new": 250, "failed": 0, "row_hints": 566908, "bytes": 130940047, "errors": []}
{"phase": "progress", "elapsed_seconds": 636.803, "attempted": 275, "ok": 275, "new": 275, "failed": 0, "row_hints": 612948, "bytes": 141501848, "errors": []}
{"phase": "progress", "elapsed_seconds": 690.77, "attempted": 300, "ok": 300, "new": 300, "failed": 0, "row_hints": 652693, "bytes": 150570762, "errors": []}
{"phase": "progress", "elapsed_seconds": 795.531, "attempted": 325, "ok": 325, "new": 325, "failed": 0, "row_hints": 703918, "bytes": 162514883, "errors": []}
{"phase": "progress", "elapsed_seconds": 867.497, "attempted": 350, "ok": 350, "new": 350, "failed": 0, "row_hints": 744524, "bytes": 171649981, "errors": []}
{"phase": "progress", "elapsed_seconds": 956.566, "attempted": 375, "ok": 375, "new": 375, "failed": 0, "row_hints": 817315, "bytes": 188764846, "errors": []}
{"phase": "progress", "elapsed_seconds": 1014.236, "attempted": 400, "ok": 400, "new": 400, "failed": 0, "row_hints": 849280, "bytes": 196132648, "errors": []}
{"phase": "progress", "elapsed_seconds": 1082.728, "attempted": 425, "ok": 425, "new": 425, "failed": 0, "row_hints": 910066, "bytes": 209989783, "errors": []}
{"phase": "progress", "elapsed_seconds": 1173.593, "attempted": 450, "ok": 450, "new": 450, "failed": 0, "row_hints": 966627, "bytes": 222938722, "errors": []}
{"phase": "progress", "elapsed_seconds": 1267.702, "attempted": 475, "ok": 475, "new": 475, "failed": 0, "row_hints": 1006911, "bytes": 232159348, "errors": []}
{"phase": "progress", "elapsed_seconds": 1386.328, "attempted": 500, "ok": 500, "new": 500, "failed": 0, "row_hints": 1062509, "bytes": 244714636, "errors": []}
{"phase": "progress", "elapsed_seconds": 1458.738, "attempted": 525, "ok": 525, "new": 525, "failed": 0, "row_hints": 1104724, "bytes": 254056423, "errors": []}
{"phase": "progress", "elapsed_seconds": 1526.789, "attempted": 550, "ok": 550, "new": 550, "failed": 0, "row_hints": 1150676, "bytes": 264689852, "errors": []}
{"phase": "progress", "elapsed_seconds": 1586.367, "attempted": 575, "ok": 575, "new": 575, "failed": 0, "row_hints": 1205348, "bytes": 277211934, "errors": []}
{"phase": "progress", "elapsed_seconds": 1640.715, "attempted": 600, "ok": 600, "new": 600, "failed": 0, "row_hints": 1250250, "bytes": 287297933, "errors": []}
{"phase": "progress", "elapsed_seconds": 1703.956, "attempted": 625, "ok": 625, "new": 625, "failed": 0, "row_hints": 1295874, "bytes": 297493828, "errors": []}
{"phase": "progress", "elapsed_seconds": 1780.762, "attempted": 650, "ok": 650, "new": 650, "failed": 0, "row_hints": 1367801, "bytes": 314606581, "errors": []}
{"phase": "progress", "elapsed_seconds": 1838.051, "attempted": 675, "ok": 675, "new": 675, "failed": 0, "row_hints": 1411163, "bytes": 324667036, "errors": []}
{"phase": "progress", "elapsed_seconds": 1892.849, "attempted": 700, "ok": 700, "new": 700, "failed": 0, "row_hints": 1476106, "bytes": 339697943, "errors": []}
{"phase": "progress", "elapsed_seconds": 1954.395, "attempted": 725, "ok": 725, "new": 725, "failed": 0, "row_hints": 1539581, "bytes": 353997091, "errors": []}
{"phase": "progress", "elapsed_seconds": 2013.753, "attempted": 750, "ok": 750, "new": 750, "failed": 0, "row_hints": 1581970, "bytes": 363521753, "errors": []}
{"phase": "progress", "elapsed_seconds": 2060.635, "attempted": 775, "ok": 775, "new": 775, "failed": 0, "row_hints": 1629479, "bytes": 374059457, "errors": []}
{"phase": "progress", "elapsed_seconds": 2141.673, "attempted": 800, "ok": 800, "new": 800, "failed": 0, "row_hints": 1693130, "bytes": 388196470, "errors": []}
{"phase": "progress", "elapsed_seconds": 2207.35, "attempted": 825, "ok": 825, "new": 825, "failed": 0, "row_hints": 1740450, "bytes": 398972222, "errors": []}
{"phase": "progress", "elapsed_seconds": 2268.642, "attempted": 850, "ok": 850, "new": 850, "failed": 0, "row_hints": 1797584, "bytes": 412149311, "errors": []}
{"phase": "progress", "elapsed_seconds": 2319.131, "attempted": 875, "ok": 875, "new": 875, "failed": 0, "row_hints": 1852114, "bytes": 424703259, "errors": []}
{"phase": "progress", "elapsed_seconds": 2395.944, "attempted": 900, "ok": 900, "new": 900, "failed": 0, "row_hints": 1917256, "bytes": 440192332, "errors": []}
{"phase": "progress", "elapsed_seconds": 2469.354, "attempted": 925, "ok": 925, "new": 925, "failed": 0, "row_hints": 1984453, "bytes": 455255283, "errors": []}
{"phase": "progress", "elapsed_seconds": 2552.669, "attempted": 950, "ok": 950, "new": 950, "failed": 0, "row_hints": 2027411, "bytes": 464606296, "errors": []}
{"phase": "progress", "elapsed_seconds": 2612.673, "attempted": 975, "ok": 975, "new": 975, "failed": 0, "row_hints": 2091224, "bytes": 478702272, "errors": []}
{"phase": "progress", "elapsed_seconds": 2657.548, "attempted": 1000, "ok": 1000, "new": 1000, "failed": 0, "row_hints": 2127586, "bytes": 487075814, "errors": []}
{
  "attempted": 1000,
  "bytes": 487075814,
  "elapsed_seconds": 2657.548,
  "errors": [],
  "failed": 0,
  "free_gib": 257.59122467041016,
  "new": 1000,
  "ok": 1000,
  "phase": "settled",
  "row_hints": 2127586
}
