{
  "h5": {
    "full": {
      "n": 8211,
      "base_rate": 0.0350748995250274,
      "mean_p": 0.0365239313116551,
      "brier_skill": 0.036335725161975585,
      "wace": 0.016749969553038608
    },
    "y2006": {
      "n": 5205,
      "base_rate": 0.03765609990393852,
      "mean_p": 0.04011834774255524,
      "brier_skill": 0.04314595544346744,
      "wace": 0.01962958693563881
    },
    "y2020": {
      "n": 1682,
      "base_rate": 0.0356718192627824,
      "mean_p": 0.040971462544589776,
      "brier_skill": 0.04808679071105659,
      "wace": 0.022945303210463733
    }
  },
  "h10": {
    "full": {
      "n": 8206,
      "base_rate": 0.0850597124055569,
      "mean_p": 0.09081160126736534,
      "brier_skill": 0.040758481726464124,
      "wace": 0.022427492078966608
    },
    "y2006": {
      "n": 5200,
      "base_rate": 0.08423076923076923,
      "mean_p": 0.09727500000000001,
      "brier_skill": 0.05520129871375157,
      "wace": 0.032555769230769235
    },
    "y2020": {
      "n": 1677,
      "base_rate": 0.08228980322003578,
      "mean_p": 0.0988133571854502,
      "brier_skill": 0.07093827301748723,
      "wace": 0.047495527728085865
    }
  },
  "h21": {
    "full": {
      "n": 8195,
      "base_rate": 0.17644905430140329,
      "mean_p": 0.1803941427699817,
      "brier_skill": 0.05103693098736839,
      "wace": 0.02291519219035998
    },
    "y2006": {
      "n": 5189,
      "base_rate": 0.17498554634804395,
      "mean_p": 0.19115051069570244,
      "brier_skill": 0.07001896274595121,
      "wace": 0.04030834457506264
    },
    "y2020": {
      "n": 1666,
      "base_rate": 0.17647058823529413,
      "mean_p": 0.19424369747899162,
      "brier_skill": 0.08759769193391631,
      "wace": 0.060978391356542615
    }
  }
}
