{"schema": "tiingo_attended_eod_batch.v1", "observed_at_utc": "2026-10-11T18:25:10.860634+00:00", "catalogue_sha256": "015cda96b828344e26f5937f426cbc40a7b8fe2edc9a023a342a3743799abcf0", "reacquired_catalogue": false, "selection_scope": "next 1000 exact-identifier USD stocks/ETFs on US exchanges in digest-bound catalogue pages; acquisition only", "request_cap": 1000, "completed_symbols_excluded": 555, "full_catalogue_candidate_count_before_exchange_filter": 47960, "account_hourly_allocation": 20000, "account_daily_allocation": 150000, "account_monthly_bandwidth_gb": 100, "preflight_free_gib": 272.81391525268555, "largest_observed_full_eod_response_bytes": 4087908, "conservative_batch_bandwidth_gb_at_largest_observed_response": 4.087908, "free_reserve_gib": 35, "canonical_identity_admitted": false, "pit_backtest_eligible": false, "attended_bounded_process": true, "persistent_queue_created": false}
{"phase": "progress", "elapsed_seconds": 68.664, "attempted": 25, "ok": 25, "new": 25, "failed": 0, "row_hints": 37751, "bytes": 8466493, "errors": []}
{"phase": "progress", "elapsed_seconds": 170.512, "attempted": 50, "ok": 50, "new": 50, "failed": 0, "row_hints": 113908, "bytes": 26032976, "errors": []}
{"phase": "progress", "elapsed_seconds": 261.03, "attempted": 75, "ok": 75, "new": 75, "failed": 0, "row_hints": 161284, "bytes": 36863613, "errors": []}
{"phase": "progress", "elapsed_seconds": 339.094, "attempted": 100, "ok": 100, "new": 100, "failed": 0, "row_hints": 222820, "bytes": 50987094, "errors": []}
{"phase": "progress", "elapsed_seconds": 411.451, "attempted": 125, "ok": 125, "new": 125, "failed": 0, "row_hints": 262838, "bytes": 59640647, "errors": []}
{"phase": "progress", "elapsed_seconds": 466.253, "attempted": 150, "ok": 150, "new": 150, "failed": 0, "row_hints": 298402, "bytes": 67784165, "errors": []}
{"phase": "progress", "elapsed_seconds": 541.34, "attempted": 175, "ok": 175, "new": 175, "failed": 0, "row_hints": 362539, "bytes": 82230047, "errors": []}
{"phase": "progress", "elapsed_seconds": 621.743, "attempted": 200, "ok": 200, "new": 200, "failed": 0, "row_hints": 414060, "bytes": 94378934, "errors": []}
{"phase": "progress", "elapsed_seconds": 684.931, "attempted": 225, "ok": 225, "new": 225, "failed": 0, "row_hints": 489295, "bytes": 111467562, "errors": []}
{"phase": "progress", "elapsed_seconds": 766.028, "attempted": 250, "ok": 250, "new": 250, "failed": 0, "row_hints": 564605, "bytes": 128710616, "errors": []}
{"phase": "progress", "elapsed_seconds": 812.287, "attempted": 275, "ok": 275, "new": 275, "failed": 0, "row_hints": 618713, "bytes": 141463126, "errors": []}
{"phase": "progress", "elapsed_seconds": 860.906, "attempted": 300, "ok": 300, "new": 300, "failed": 0, "row_hints": 680102, "bytes": 155576318, "errors": []}
{"phase": "progress", "elapsed_seconds": 940.675, "attempted": 325, "ok": 325, "new": 325, "failed": 0, "row_hints": 735411, "bytes": 168687746, "errors": []}
{"phase": "progress", "elapsed_seconds": 1009.399, "attempted": 350, "ok": 350, "new": 350, "failed": 0, "row_hints": 797110, "bytes": 183342996, "errors": []}
{"phase": "progress", "elapsed_seconds": 1093.704, "attempted": 375, "ok": 375, "new": 375, "failed": 0, "row_hints": 870538, "bytes": 200122987, "errors": []}
{"phase": "progress", "elapsed_seconds": 1170.244, "attempted": 400, "ok": 400, "new": 400, "failed": 0, "row_hints": 926025, "bytes": 212978382, "errors": []}
{"phase": "progress", "elapsed_seconds": 1225.82, "attempted": 425, "ok": 425, "new": 425, "failed": 0, "row_hints": 973899, "bytes": 223619179, "errors": []}
{"phase": "progress", "elapsed_seconds": 1321.696, "attempted": 450, "ok": 450, "new": 450, "failed": 0, "row_hints": 1034631, "bytes": 237464278, "errors": []}
{"phase": "progress", "elapsed_seconds": 1379.283, "attempted": 475, "ok": 475, "new": 475, "failed": 0, "row_hints": 1097315, "bytes": 251801615, "errors": []}
{"phase": "progress", "elapsed_seconds": 1452.909, "attempted": 500, "ok": 500, "new": 500, "failed": 0, "row_hints": 1148385, "bytes": 263499023, "errors": []}
{"phase": "progress", "elapsed_seconds": 1506.661, "attempted": 525, "ok": 525, "new": 525, "failed": 0, "row_hints": 1182723, "bytes": 271222398, "errors": []}
{"phase": "progress", "elapsed_seconds": 1592.713, "attempted": 550, "ok": 550, "new": 550, "failed": 0, "row_hints": 1260819, "bytes": 289028422, "errors": []}
{"phase": "progress", "elapsed_seconds": 1667.848, "attempted": 575, "ok": 575, "new": 575, "failed": 0, "row_hints": 1308137, "bytes": 300248506, "errors": []}
{"phase": "progress", "elapsed_seconds": 1734.72, "attempted": 600, "ok": 600, "new": 600, "failed": 0, "row_hints": 1367072, "bytes": 313834733, "errors": []}
{"phase": "progress", "elapsed_seconds": 1787.672, "attempted": 625, "ok": 625, "new": 625, "failed": 0, "row_hints": 1406148, "bytes": 323293015, "errors": []}
{"phase": "progress", "elapsed_seconds": 1840.127, "attempted": 650, "ok": 650, "new": 650, "failed": 0, "row_hints": 1449473, "bytes": 333390614, "errors": []}
{"phase": "progress", "elapsed_seconds": 1910.841, "attempted": 675, "ok": 675, "new": 675, "failed": 0, "row_hints": 1504830, "bytes": 346079131, "errors": []}
{"phase": "progress", "elapsed_seconds": 1994.091, "attempted": 700, "ok": 700, "new": 700, "failed": 0, "row_hints": 1584214, "bytes": 363809280, "errors": []}
{"phase": "progress", "elapsed_seconds": 2034.88, "attempted": 725, "ok": 725, "new": 725, "failed": 0, "row_hints": 1605207, "bytes": 368606677, "errors": []}
{"phase": "progress", "elapsed_seconds": 2076.859, "attempted": 750, "ok": 750, "new": 750, "failed": 0, "row_hints": 1628275, "bytes": 373761581, "errors": []}
{"phase": "progress", "elapsed_seconds": 2126.918, "attempted": 775, "ok": 775, "new": 775, "failed": 0, "row_hints": 1664273, "bytes": 381730857, "errors": []}
{"phase": "progress", "elapsed_seconds": 2185.328, "attempted": 800, "ok": 800, "new": 800, "failed": 0, "row_hints": 1680203, "bytes": 385345984, "errors": []}
{"phase": "progress", "elapsed_seconds": 2252.987, "attempted": 825, "ok": 825, "new": 825, "failed": 0, "row_hints": 1713003, "bytes": 392906270, "errors": []}
{"phase": "progress", "elapsed_seconds": 2299.415, "attempted": 850, "ok": 850, "new": 850, "failed": 0, "row_hints": 1731814, "bytes": 396911613, "errors": []}
{"phase": "progress", "elapsed_seconds": 2346.365, "attempted": 875, "ok": 875, "new": 875, "failed": 0, "row_hints": 1752398, "bytes": 401510344, "errors": []}
{"phase": "progress", "elapsed_seconds": 2388.174, "attempted": 900, "ok": 900, "new": 900, "failed": 0, "row_hints": 1763629, "bytes": 403905991, "errors": []}
{"phase": "progress", "elapsed_seconds": 2437.354, "attempted": 925, "ok": 925, "new": 925, "failed": 0, "row_hints": 1787307, "bytes": 409469952, "errors": []}
{"phase": "progress", "elapsed_seconds": 2494.171, "attempted": 950, "ok": 950, "new": 950, "failed": 0, "row_hints": 1829938, "bytes": 419059383, "errors": []}
{"phase": "progress", "elapsed_seconds": 2550.75, "attempted": 975, "ok": 975, "new": 975, "failed": 0, "row_hints": 1863985, "bytes": 426650613, "errors": []}
{"phase": "progress", "elapsed_seconds": 2596.673, "attempted": 1000, "ok": 1000, "new": 1000, "failed": 0, "row_hints": 1918012, "bytes": 439264113, "errors": []}
{
  "attempted": 1000,
  "bytes": 439264113,
  "elapsed_seconds": 2596.673,
  "errors": [],
  "failed": 0,
  "free_gib": 279.48597717285156,
  "new": 1000,
  "ok": 1000,
  "phase": "settled",
  "row_hints": 1918012
}
