test_amended_deadline_is_not_backdated (review_w1_suite.TreasuryAuctionLifecycleTests.test_amended_deadline_is_not_backdated) ... ok
test_asof_excludes_entire_later_receipt (review_w1_suite.TreasuryAuctionLifecycleTests.test_asof_excludes_entire_later_receipt) ... ok
test_awaiting_result_and_issue_calendar_not_payment (review_w1_suite.TreasuryAuctionLifecycleTests.test_awaiting_result_and_issue_calendar_not_payment) ... ok
test_class_conflict_quarantine_keeps_good_neighbors (review_w1_suite.TreasuryAuctionLifecycleTests.test_class_conflict_quarantine_keeps_good_neighbors) ... ok
test_correction_versions_and_prior_asof (review_w1_suite.TreasuryAuctionLifecycleTests.test_correction_versions_and_prior_asof) ... ok
test_digest_and_decoded_payload_tampering (review_w1_suite.TreasuryAuctionLifecycleTests.test_digest_and_decoded_payload_tampering) ... ok
test_duplicate_tentative_slots_preserve_ambiguity (review_w1_suite.TreasuryAuctionLifecycleTests.test_duplicate_tentative_slots_preserve_ambiguity) ... ok
test_empty_unavailable_and_unsupported_have_different_coverage (review_w1_suite.TreasuryAuctionLifecycleTests.test_empty_unavailable_and_unsupported_have_different_coverage) ... ok
test_endpoint_name_does_not_establish_result (review_w1_suite.TreasuryAuctionLifecycleTests.test_endpoint_name_does_not_establish_result) ... ok
test_equal_clock_announcement_result_core_conflict_withheld (review_w1_suite.TreasuryAuctionLifecycleTests.test_equal_clock_announcement_result_core_conflict_withheld) ... ok
test_exact_original_coupon_cohort_join_not_nearest_tenor (review_w1_suite.TreasuryAuctionLifecycleTests.test_exact_original_coupon_cohort_join_not_nearest_tenor) ... ok
test_explicit_current_rows_envelope (review_w1_suite.TreasuryAuctionLifecycleTests.test_explicit_current_rows_envelope) ... ok
test_failure_health_preserves_source_age_and_clock_roles (review_w1_suite.TreasuryAuctionLifecycleTests.test_failure_health_preserves_source_age_and_clock_roles) ... ok
test_first_observed_semantic_vintage_does_not_claim_publication (review_w1_suite.TreasuryAuctionLifecycleTests.test_first_observed_semantic_vintage_does_not_claim_publication) ... ok
test_future_clock_does_not_override_asof (review_w1_suite.TreasuryAuctionLifecycleTests.test_future_clock_does_not_override_asof) ... ok
test_future_result_bearing_contradiction_withheld (review_w1_suite.TreasuryAuctionLifecycleTests.test_future_result_bearing_contradiction_withheld) ... ok
test_genuine_casebook_classes_deadlines_and_money (review_w1_suite.TreasuryAuctionLifecycleTests.test_genuine_casebook_classes_deadlines_and_money) ... ok
test_horizon_exact_date_bounds_and_not_complete_cmb_universe (review_w1_suite.TreasuryAuctionLifecycleTests.test_horizon_exact_date_bounds_and_not_complete_cmb_universe) ... ok
test_immutable_input_and_no_forecast_or_impact (review_w1_suite.TreasuryAuctionLifecycleTests.test_immutable_input_and_no_forecast_or_impact) ... ok
test_malformed_source_does_not_kill_good_neighbor (review_w1_suite.TreasuryAuctionLifecycleTests.test_malformed_source_does_not_kill_good_neighbor) ... ok
test_missing_and_invalid_deadline_never_default (review_w1_suite.TreasuryAuctionLifecycleTests.test_missing_and_invalid_deadline_never_default) ... ok
test_missing_number_is_not_zero (review_w1_suite.TreasuryAuctionLifecycleTests.test_missing_number_is_not_zero) ... ok
test_nonstandard_bill_and_frn_semantics (review_w1_suite.TreasuryAuctionLifecycleTests.test_nonstandard_bill_and_frn_semantics) ... ok
test_offset_aware_clocks_required (review_w1_suite.TreasuryAuctionLifecycleTests.test_offset_aware_clocks_required) ... ok
test_pending_after_result_does_not_regress (review_w1_suite.TreasuryAuctionLifecycleTests.test_pending_after_result_does_not_regress) ... ok
test_raw_bytes_digest_preserves_newlines (review_w1_suite.TreasuryAuctionLifecycleTests.test_raw_bytes_digest_preserves_newlines) ... ok
test_same_cusip_distinct_auction_episodes (review_w1_suite.TreasuryAuctionLifecycleTests.test_same_cusip_distinct_auction_episodes) ... ok
test_same_time_conflicting_facts_are_withheld (review_w1_suite.TreasuryAuctionLifecycleTests.test_same_time_conflicting_facts_are_withheld) ... ok
test_size_limits_and_snapshot_local_bad_neighbor (review_w1_suite.TreasuryAuctionLifecycleTests.test_size_limits_and_snapshot_local_bad_neighbor) ... ok
test_snapshot_newest_files_survive_bounded_capture_retention (review_w1_suite.TreasuryAuctionLifecycleTests.test_snapshot_newest_files_survive_bounded_capture_retention) ... ok
test_tentative_ambiguous_match_never_guessed (review_w1_suite.TreasuryAuctionLifecycleTests.test_tentative_ambiguous_match_never_guessed) ... ok
test_tentative_xml_holiday_and_unique_merge (review_w1_suite.TreasuryAuctionLifecycleTests.test_tentative_xml_holiday_and_unique_merge) ... ok
test_unscheduled_announced_alias_and_original_fallback (review_w1_suite.TreasuryAuctionLifecycleTests.test_unscheduled_announced_alias_and_original_fallback) ... ok
test_unsupported_migration_is_visible (review_w1_suite.TreasuryAuctionLifecycleTests.test_unsupported_migration_is_visible) ... ok
test_xml_future_shape_and_entity_rejected (review_w1_suite.TreasuryAuctionLifecycleTests.test_xml_future_shape_and_entity_rejected) ... ok
test_availability_after_body_and_parse_not_http_metadata (review_capture_suite.CaptureTests.test_availability_after_body_and_parse_not_http_metadata) ... ok
test_failure_retains_last_success_with_older_source_age (review_capture_suite.CaptureTests.test_failure_retains_last_success_with_older_source_age) ... ok
test_malformed_body_retained_but_not_a_valid_empty_calendar (review_capture_suite.CaptureTests.test_malformed_body_retained_but_not_a_valid_empty_calendar) ... ok
test_non_utf8_body_retained_for_audit_and_not_parsed (review_capture_suite.CaptureTests.test_non_utf8_body_retained_for_audit_and_not_parsed) ... ok
test_repeat_is_idempotent_and_does_not_overwrite_prior_receipt (review_capture_suite.CaptureTests.test_repeat_is_idempotent_and_does_not_overwrite_prior_receipt) ... ok
test_untrusted_final_url_and_redirect_rejected (review_capture_suite.CaptureTests.test_untrusted_final_url_and_redirect_rejected) ... ok

----------------------------------------------------------------------
Ran 41 tests in 0.123s

OK
