.................                                                        [100%]
=============================== warnings summary ===============================
../../../../../../Users/chriswong/Library/Python/3.14/lib/python/site-packages/_pytest/pathlib.py:95
  /Users/chriswong/Library/Python/3.14/lib/python/site-packages/_pytest/pathlib.py:95: PytestWarning: (rm_rf) error removing /private/tmp/pytest-of-chriswong/garbage-3cc8387e-96b0-4c49-8630-b14e1cc89218/test_runtime_manifest_seals_ex0/worker-browser-b1/runtime/browsers/chromium-1237/Chromium.app/Contents/Frameworks/Chromium Framework.framework/Versions
  <class 'OSError'>: [Errno 66] Directory not empty: '/private/tmp/pytest-of-chriswong/garbage-3cc8387e-96b0-4c49-8630-b14e1cc89218/test_runtime_manifest_seals_ex0/worker-browser-b1/runtime/browsers/chromium-1237/Chromium.app/Contents/Frameworks/Chromium Framework.framework/Versions'
    warnings.warn(

../../../../../../Users/chriswong/Library/Python/3.14/lib/python/site-packages/_pytest/pathlib.py:95
  /Users/chriswong/Library/Python/3.14/lib/python/site-packages/_pytest/pathlib.py:95: PytestWarning: (rm_rf) error removing /private/tmp/pytest-of-chriswong/garbage-3cc8387e-96b0-4c49-8630-b14e1cc89218/test_runtime_manifest_seals_ex0/worker-browser-b1/runtime/browsers/chromium-1237/Chromium.app/Contents/Frameworks/Chromium Framework.framework
  <class 'OSError'>: [Errno 66] Directory not empty: '/private/tmp/pytest-of-chriswong/garbage-3cc8387e-96b0-4c49-8630-b14e1cc89218/test_runtime_manifest_seals_ex0/worker-browser-b1/runtime/browsers/chromium-1237/Chromium.app/Contents/Frameworks/Chromium Framework.framework'
    warnings.warn(

../../../../../../Users/chriswong/Library/Python/3.14/lib/python/site-packages/_pytest/pathlib.py:95
  /Users/chriswong/Library/Python/3.14/lib/python/site-packages/_pytest/pathlib.py:95: PytestWarning: (rm_rf) error removing /private/tmp/pytest-of-chriswong/garbage-9571b13c-09e9-40bc-a286-3a09e01a7a03/test_runtime_manifest_seals_ex0/worker-browser-b1/runtime/browsers/chromium-1237/Chromium.app/Contents/Frameworks/Chromium Framework.framework/Versions
  <class 'OSError'>: [Errno 66] Directory not empty: '/private/tmp/pytest-of-chriswong/garbage-9571b13c-09e9-40bc-a286-3a09e01a7a03/test_runtime_manifest_seals_ex0/worker-browser-b1/runtime/browsers/chromium-1237/Chromium.app/Contents/Frameworks/Chromium Framework.framework/Versions'
    warnings.warn(

../../../../../../Users/chriswong/Library/Python/3.14/lib/python/site-packages/_pytest/pathlib.py:95
  /Users/chriswong/Library/Python/3.14/lib/python/site-packages/_pytest/pathlib.py:95: PytestWarning: (rm_rf) error removing /private/tmp/pytest-of-chriswong/garbage-9571b13c-09e9-40bc-a286-3a09e01a7a03/test_runtime_manifest_seals_ex0/worker-browser-b1/runtime/browsers/chromium-1237/Chromium.app/Contents/Frameworks/Chromium Framework.framework
  <class 'OSError'>: [Errno 66] Directory not empty: '/private/tmp/pytest-of-chriswong/garbage-9571b13c-09e9-40bc-a286-3a09e01a7a03/test_runtime_manifest_seals_ex0/worker-browser-b1/runtime/browsers/chromium-1237/Chromium.app/Contents/Frameworks/Chromium Framework.framework'
    warnings.warn(

../../../../../../Users/chriswong/Library/Python/3.14/lib/python/site-packages/_pytest/pathlib.py:95
  /Users/chriswong/Library/Python/3.14/lib/python/site-packages/_pytest/pathlib.py:95: PytestWarning: (rm_rf) error removing /private/tmp/pytest-of-chriswong/garbage-4c1a6285-20c5-4132-bd5e-fff62089381d/test_runtime_manifest_seals_ex0/worker-browser-b1/runtime/browsers/chromium-1237/Chromium.app/Contents/Frameworks/Chromium Framework.framework/Versions
  <class 'OSError'>: [Errno 66] Directory not empty: '/private/tmp/pytest-of-chriswong/garbage-4c1a6285-20c5-4132-bd5e-fff62089381d/test_runtime_manifest_seals_ex0/worker-browser-b1/runtime/browsers/chromium-1237/Chromium.app/Contents/Frameworks/Chromium Framework.framework/Versions'
    warnings.warn(

../../../../../../Users/chriswong/Library/Python/3.14/lib/python/site-packages/_pytest/pathlib.py:95
  /Users/chriswong/Library/Python/3.14/lib/python/site-packages/_pytest/pathlib.py:95: PytestWarning: (rm_rf) error removing /private/tmp/pytest-of-chriswong/garbage-4c1a6285-20c5-4132-bd5e-fff62089381d/test_runtime_manifest_seals_ex0/worker-browser-b1/runtime/browsers/chromium-1237/Chromium.app/Contents/Frameworks/Chromium Framework.framework
  <class 'OSError'>: [Errno 66] Directory not empty: '/private/tmp/pytest-of-chriswong/garbage-4c1a6285-20c5-4132-bd5e-fff62089381d/test_runtime_manifest_seals_ex0/worker-browser-b1/runtime/browsers/chromium-1237/Chromium.app/Contents/Frameworks/Chromium Framework.framework'
    warnings.warn(

../../../../../../Users/chriswong/Library/Python/3.14/lib/python/site-packages/_pytest/pathlib.py:95
  /Users/chriswong/Library/Python/3.14/lib/python/site-packages/_pytest/pathlib.py:95: PytestWarning: (rm_rf) error removing /private/tmp/pytest-of-chriswong/garbage-f88c843c-ca4a-47cf-ba7b-3fb3e17c4394/test_runtime_manifest_seals_ex0/worker-browser-b1/runtime/browsers/chromium-1237/Chromium.app/Contents/Frameworks/Chromium Framework.framework/Versions
  <class 'OSError'>: [Errno 66] Directory not empty: '/private/tmp/pytest-of-chriswong/garbage-f88c843c-ca4a-47cf-ba7b-3fb3e17c4394/test_runtime_manifest_seals_ex0/worker-browser-b1/runtime/browsers/chromium-1237/Chromium.app/Contents/Frameworks/Chromium Framework.framework/Versions'
    warnings.warn(

../../../../../../Users/chriswong/Library/Python/3.14/lib/python/site-packages/_pytest/pathlib.py:95
  /Users/chriswong/Library/Python/3.14/lib/python/site-packages/_pytest/pathlib.py:95: PytestWarning: (rm_rf) error removing /private/tmp/pytest-of-chriswong/garbage-f88c843c-ca4a-47cf-ba7b-3fb3e17c4394/test_runtime_manifest_seals_ex0/worker-browser-b1/runtime/browsers/chromium-1237/Chromium.app/Contents/Frameworks/Chromium Framework.framework
  <class 'OSError'>: [Errno 66] Directory not empty: '/private/tmp/pytest-of-chriswong/garbage-f88c843c-ca4a-47cf-ba7b-3fb3e17c4394/test_runtime_manifest_seals_ex0/worker-browser-b1/runtime/browsers/chromium-1237/Chromium.app/Contents/Frameworks/Chromium Framework.framework'
    warnings.warn(

-- Docs: https://docs.pytest.org/en/stable/how-to/capture-warnings.html
17 passed, 8 warnings in 17.31s
