FFFF                                                                     [100%]
=================================== FAILURES ===================================
_ test_two_pass_restores_truncated_vintage_tail_before_later_history[False-ticker] _
tests/test_prophet_pit_replay_sparse_inputs.py:647: in test_two_pass_restores_truncated_vintage_tail_before_later_history
    pd.testing.assert_frame_equal(actual.loc[:'2026-07-15'], old)
pandas/_libs/testing.pyx:53: in pandas._libs.testing.assert_almost_equal
    ???
pandas/_libs/testing.pyx:171: in pandas._libs.testing.assert_almost_equal
    ???
E   AssertionError: DataFrame.iloc[:, 0] (column name="close") are different
E
E   DataFrame.iloc[:, 0] (column name="close") values are different (50.0 %)
E   [index]: [2026-07-14T00:00:00.000000, 2026-07-15T00:00:00.000000]
E   [left]:  [100.0, 901.0]
E   [right]: [100.0, 101.0]
E   At positional index 1, first diff: 901.0 != 101.0
_ test_two_pass_restores_truncated_vintage_tail_before_later_history[False-wide] _
tests/test_prophet_pit_replay_sparse_inputs.py:647: in test_two_pass_restores_truncated_vintage_tail_before_later_history
    pd.testing.assert_frame_equal(actual.loc[:'2026-07-15'], old)
pandas/_libs/testing.pyx:53: in pandas._libs.testing.assert_almost_equal
    ???
pandas/_libs/testing.pyx:171: in pandas._libs.testing.assert_almost_equal
    ???
E   AssertionError: DataFrame.iloc[:, 0] (column name="AAA") are different
E
E   DataFrame.iloc[:, 0] (column name="AAA") values are different (50.0 %)
E   [index]: [2026-07-14T00:00:00.000000, 2026-07-15T00:00:00.000000]
E   [left]:  [100.0, 901.0]
E   [right]: [100.0, 101.0]
E   At positional index 1, first diff: 901.0 != 101.0
_ test_two_pass_restores_truncated_vintage_tail_before_later_history[True-ticker] _
tests/test_prophet_pit_replay_sparse_inputs.py:647: in test_two_pass_restores_truncated_vintage_tail_before_later_history
    pd.testing.assert_frame_equal(actual.loc[:'2026-07-15'], old)
E   AssertionError: DataFrame are different
E
E   DataFrame shape mismatch
E   [left]:  (1, 1)
E   [right]: (2, 1)
_ test_two_pass_restores_truncated_vintage_tail_before_later_history[True-wide] _
tests/test_prophet_pit_replay_sparse_inputs.py:647: in test_two_pass_restores_truncated_vintage_tail_before_later_history
    pd.testing.assert_frame_equal(actual.loc[:'2026-07-15'], old)
E   AssertionError: DataFrame are different
E
E   DataFrame shape mismatch
E   [left]:  (1, 1)
E   [right]: (2, 1)

NOTE: sparse worktree — data, mockups, site, verify_shots not checked out; opt into a full checkout with: python3 scripts/worktree_sparse.py full
=========================== short test summary info ============================
FAILED tests/test_prophet_pit_replay_sparse_inputs.py::test_two_pass_restores_truncated_vintage_tail_before_later_history[False-ticker]
FAILED tests/test_prophet_pit_replay_sparse_inputs.py::test_two_pass_restores_truncated_vintage_tail_before_later_history[False-wide]
FAILED tests/test_prophet_pit_replay_sparse_inputs.py::test_two_pass_restores_truncated_vintage_tail_before_later_history[True-ticker]
FAILED tests/test_prophet_pit_replay_sparse_inputs.py::test_two_pass_restores_truncated_vintage_tail_before_later_history[True-wide]
4 failed, 42 deselected in 2.76s
