✔ reads a complete projection without modifying its data (8.368667ms)
✔ old aliases, coverage labels and punctuation resolve to the same canonical entry (5.305875ms)
✔ board lookup is a coverage explanation, not a fabricated indicator (0.89625ms)
✔ ambiguous aliases remain a choice; exact canonical IDs stay direct (1.878334ms)
✔ missing and malicious hashes are data, not executable markup (1.406125ms)
✔ search deduplicates aliases and returns exact source question membership (2.875ms)
✔ risk and market strength never borrow each other’s higher interpretation (11.887416ms)
✔ confirmation does not gain an up/down score (14.609208ms)
✔ owner target is same-origin and does not accept an arbitrary referrer (24.543416ms)
✔ URL roundtrip preserves exact query, selected entry, language and example (72.363375ms)
✔ duplicate route query is reported and malformed percent encoding stays safe (7.781791ms)
✔ rejects malformed manifest: x=>x.live_values=true (5.264083ms)
✔ rejects malformed manifest: x=>x.authority_ceiling='trade' (0.199625ms)
✔ rejects malformed manifest: x=>x.entries[0].owner_ref='https://evil.invalid/x' (4.534208ms)
✔ rejects malformed manifest: x=>x.entries[0].owner_ref='macro.html#x\n' (0.248083ms)
✔ rejects malformed manifest: x=>x.entries[0].public_source_refs=['javascript:alert(1)'] (1.705834ms)
✔ rejects malformed manifest: x=>x.entries[0].public_source_refs=['https://fred.stlouisfed.org@evil.invalid/'] (0.268208ms)
✔ rejects malformed manifest: x=>x.entries[0].caveats.zh=[] (0.189ms)
✔ rejects malformed manifest: x=>x.entries[0].visible_caveat.en='This is certain.' (0.183834ms)
✔ rejects malformed manifest: x=>x.entries[0].presentation.thresholds=[0,50,100] (0.176458ms)
✔ rejects malformed manifest: x=>x.entries[0].presentation.readings.push(x.entries[0].presentation.readings[0]) (0.177292ms)
✔ rejects malformed manifest: x=>x.entries[0].presentation.readings[0].text.zh='' (0.165ms)
✔ rejects malformed manifest: x=>x.entries[0].related_ids=['nonexistent'] (0.194292ms)
✔ rejects malformed manifest: x=>x.lookup['hello']=['nonexistent'] (0.222875ms)
✔ rejects malformed manifest: x=>x.coverage[0].target='risk-radar' (0.197833ms)
✔ rejects malformed manifest: x=>x.coverage[2].reason=null (0.173ms)
✔ rejects malformed manifest: x=>x.questions[0].entry_ids=['nonexistent'] (0.172584ms)
✔ rejects malformed manifest: x=>x.entries[0].replacement_chain=['market-state-score'] (2.8555ms)
✔ mounts three source-defined questions and preserves fallback until valid data (33.707959ms)
✔ question routes to curated source membership rather than all internal families (2.062208ms)
✔ search and deep-link coverage alias share one canonical result (15.938042ms)
✔ board name opens an explanatory view, not an indicator page (3.425042ms)
✔ risk and strength exact-source higher texts stay different in the real DOM adapter (37.815583ms)
✔ quadrant has four combinations, one selected example and no current score (17.405625ms)
✔ confirmation has no synthetic rising/falling buttons (12.11825ms)
✔ a generic non-directional definition is not mislabeled as regime confirmation (50.945333ms)
✔ sources are visible on demand and an absent source is explained (7.004166ms)
✔ retired content retains original and links to current explanation (36.826333ms)
✔ uncovered board cannot masquerade as an empty successful signal (2.497125ms)
✔ untrusted label and missing hash enter text nodes, not markup (5.662917ms)
✔ invalid data leaves the server-rendered fallback accessible (0.598958ms)
✔ full guide and quick help share the exact definition and limitation (6.336959ms)
✔ close adapter restores the exact trigger and recorded scroll; native browser behavior still unproven (15.065834ms)
✔ language and theme toggles preserve chosen signal and interpretation (1.647375ms)
✔ duplicate query warning clears when the user chooses a clean navigation (1.522708ms)
✔ back-forward handler rehydrates query and language without extra requests (61.160375ms)
✔ dispose removes owned listeners and restores the fallback (17.055458ms)
✔ home does not instantiate a hidden full catalog before the user asks (47.144583ms)
✔ Enter opens an exact alias, not an arbitrary search result (1.978375ms)
✔ context-only mounting leaves the host title, URL, language and page controls alone (247.815958ms)
✔ context help reads the same source and links to the full guide without seizing navigation (4.544667ms)
✔ context help follows existing language events without changing the document title (1.401125ms)
✔ context mode rejects unsafe full-guide destinations before binding controls (0.751167ms)
ℹ tests 53
ℹ suites 0
ℹ pass 53
ℹ fail 0
ℹ cancelled 0
ℹ skipped 0
ℹ todo 0
ℹ duration_ms 1325.334459
