....................................................................     [100%]
=============================== warnings summary ===============================
../../../../../../Library/Python/3.14/lib/python/site-packages/_pytest/pathlib.py:102
  /Users/chriswong/Library/Python/3.14/lib/python/site-packages/_pytest/pathlib.py:102: PytestWarning: (rm_rf) unknown function <built-in function scandir> when removing /private/tmp/pytest-of-chriswong/garbage-6461c814-6af7-4900-b6fb-5e4745a1f50a/test_runtime_manifest_seals_ex0/worker-browser-b1/runtime/browsers/chromium-1237/Chromium.app/Contents/Frameworks/Chromium Framework.framework/Versions:
  <class 'PermissionError'>: [Errno 13] Permission denied: '/private/tmp/pytest-of-chriswong/garbage-6461c814-6af7-4900-b6fb-5e4745a1f50a/test_runtime_manifest_seals_ex0/worker-browser-b1/runtime/browsers/chromium-1237/Chromium.app/Contents/Frameworks/Chromium Framework.framework/Versions'
    warnings.warn(

../../../../../../Library/Python/3.14/lib/python/site-packages/_pytest/pathlib.py:102
  /Users/chriswong/Library/Python/3.14/lib/python/site-packages/_pytest/pathlib.py:102: PytestWarning: (rm_rf) unknown function <built-in function scandir> when removing /private/tmp/pytest-of-chriswong/garbage-3ad8e4c0-8627-4891-bfe6-ff051dd554b1/test_runtime_manifest_seals_ex0/worker-browser-b1/runtime/browsers/chromium-1237/Chromium.app/Contents/Frameworks/Chromium Framework.framework/Versions:
  <class 'PermissionError'>: [Errno 13] Permission denied: '/private/tmp/pytest-of-chriswong/garbage-3ad8e4c0-8627-4891-bfe6-ff051dd554b1/test_runtime_manifest_seals_ex0/worker-browser-b1/runtime/browsers/chromium-1237/Chromium.app/Contents/Frameworks/Chromium Framework.framework/Versions'
    warnings.warn(

../../../../../../Library/Python/3.14/lib/python/site-packages/_pytest/pathlib.py:102
  /Users/chriswong/Library/Python/3.14/lib/python/site-packages/_pytest/pathlib.py:102: PytestWarning: (rm_rf) unknown function <built-in function scandir> when removing /private/tmp/pytest-of-chriswong/garbage-51f26fb3-8d97-46ae-a020-06b765e3fb57/test_runtime_manifest_seals_ex0/worker-browser-b1/runtime/browsers/chromium-1237/Chromium.app/Contents/Frameworks/Chromium Framework.framework/Versions:
  <class 'PermissionError'>: [Errno 13] Permission denied: '/private/tmp/pytest-of-chriswong/garbage-51f26fb3-8d97-46ae-a020-06b765e3fb57/test_runtime_manifest_seals_ex0/worker-browser-b1/runtime/browsers/chromium-1237/Chromium.app/Contents/Frameworks/Chromium Framework.framework/Versions'
    warnings.warn(

../../../../../../Library/Python/3.14/lib/python/site-packages/_pytest/pathlib.py:102
  /Users/chriswong/Library/Python/3.14/lib/python/site-packages/_pytest/pathlib.py:102: PytestWarning: (rm_rf) unknown function <built-in function scandir> when removing /private/tmp/pytest-of-chriswong/garbage-cda5c816-654d-4d7b-9cbc-f1b10aba0fc1/test_runtime_manifest_seals_ex0/worker-browser-b1/runtime/browsers/chromium-1237/Chromium.app/Contents/Frameworks/Chromium Framework.framework/Versions:
  <class 'PermissionError'>: [Errno 13] Permission denied: '/private/tmp/pytest-of-chriswong/garbage-cda5c816-654d-4d7b-9cbc-f1b10aba0fc1/test_runtime_manifest_seals_ex0/worker-browser-b1/runtime/browsers/chromium-1237/Chromium.app/Contents/Frameworks/Chromium Framework.framework/Versions'
    warnings.warn(

../../../../../../Library/Python/3.14/lib/python/site-packages/_pytest/pathlib.py:102
  /Users/chriswong/Library/Python/3.14/lib/python/site-packages/_pytest/pathlib.py:102: PytestWarning: (rm_rf) unknown function <built-in function scandir> when removing /private/tmp/pytest-of-chriswong/garbage-a16c154e-b941-40b3-9039-b4f0794b3d29/test_runtime_manifest_seals_ex0/worker-browser-b1/runtime/browsers/chromium-1237/Chromium.app/Contents/Frameworks/Chromium Framework.framework/Versions:
  <class 'PermissionError'>: [Errno 13] Permission denied: '/private/tmp/pytest-of-chriswong/garbage-a16c154e-b941-40b3-9039-b4f0794b3d29/test_runtime_manifest_seals_ex0/worker-browser-b1/runtime/browsers/chromium-1237/Chromium.app/Contents/Frameworks/Chromium Framework.framework/Versions'
    warnings.warn(

../../../../../../Library/Python/3.14/lib/python/site-packages/_pytest/pathlib.py:102
  /Users/chriswong/Library/Python/3.14/lib/python/site-packages/_pytest/pathlib.py:102: PytestWarning: (rm_rf) unknown function <built-in function scandir> when removing /private/tmp/pytest-of-chriswong/garbage-71c850ec-c9f8-46c0-ada3-b3a555af321b/test_runtime_manifest_seals_ex0/worker-browser-b1/runtime/browsers/chromium-1237/Chromium.app/Contents/Frameworks/Chromium Framework.framework/Versions:
  <class 'PermissionError'>: [Errno 13] Permission denied: '/private/tmp/pytest-of-chriswong/garbage-71c850ec-c9f8-46c0-ada3-b3a555af321b/test_runtime_manifest_seals_ex0/worker-browser-b1/runtime/browsers/chromium-1237/Chromium.app/Contents/Frameworks/Chromium Framework.framework/Versions'
    warnings.warn(

-- Docs: https://docs.pytest.org/en/stable/how-to/capture-warnings.html
68 passed, 6 warnings in 38.02s
