FFFFFFFF                                                                 [100%]
=================================== FAILURES ===================================
______________ test_specimen_tabs_use_distinct_reciprocal_panels _______________
tests/test_design_system_foundations.py:747: in test_specimen_tabs_use_distinct_reciprocal_panels
    assert len(tabs) == 3 and len(set(targets)) == 3, 'Three tasks need three actual panels'
E   AssertionError: Three tasks need three actual panels
E   assert (3 == 3 and 1 == 3)
E    +  where 3 = len([{'aria-controls': 'pane-demo', 'aria-selected': 'true', 'id': 'tab-pf', 'role': 'tab'}, {'aria-controls': 'pane-demo'...id': 'tab-fu', 'role': 'tab'}, {'aria-controls': 'pane-demo', 'aria-selected': 'false', 'id': 'tab-fi', 'role': 'tab'}])
E    +  and   1 = len({'pane-demo'})
E    +    where {'pane-demo'} = set(['pane-demo', 'pane-demo', 'pane-demo'])
______________ test_specimen_tabs_have_one_initial_keyboard_entry ______________
tests/test_design_system_foundations.py:760: in test_specimen_tabs_have_one_initial_keyboard_entry
    assert all(tag == 'button' and a.get('type') == 'button' for tag, a in tabs)
E   assert False
E    +  where False = all(<generator object test_specimen_tabs_have_one_initial_keyboard_entry.<locals>.<genexpr> at 0x10379cb30>)
_________ test_specimen_tabs_name_keyboard_navigation_keys[ArrowLeft] __________
tests/test_design_system_foundations.py:773: in test_specimen_tabs_name_keyboard_navigation_keys
    assert key in scripts
E   assert 'ArrowLeft' in "\n/* Specimen-only toggles — mirrors theme.js attribute mechanics without importing it. */\nvar root = document.docum...elected','true');\n      if (b.id) location.hash = b.id;   /* tab state lives in the URL hash */\n    };\n  });\n});\n"
_________ test_specimen_tabs_name_keyboard_navigation_keys[ArrowRight] _________
tests/test_design_system_foundations.py:773: in test_specimen_tabs_name_keyboard_navigation_keys
    assert key in scripts
E   assert 'ArrowRight' in "\n/* Specimen-only toggles — mirrors theme.js attribute mechanics without importing it. */\nvar root = document.docum...elected','true');\n      if (b.id) location.hash = b.id;   /* tab state lives in the URL hash */\n    };\n  });\n});\n"
____________ test_specimen_tabs_name_keyboard_navigation_keys[Home] ____________
tests/test_design_system_foundations.py:773: in test_specimen_tabs_name_keyboard_navigation_keys
    assert key in scripts
E   assert 'Home' in "\n/* Specimen-only toggles — mirrors theme.js attribute mechanics without importing it. */\nvar root = document.docum...elected','true');\n      if (b.id) location.hash = b.id;   /* tab state lives in the URL hash */\n    };\n  });\n});\n"
____________ test_specimen_tabs_name_keyboard_navigation_keys[End] _____________
tests/test_design_system_foundations.py:773: in test_specimen_tabs_name_keyboard_navigation_keys
    assert key in scripts
E   assert 'End' in "\n/* Specimen-only toggles — mirrors theme.js attribute mechanics without importing it. */\nvar root = document.docum...elected','true');\n      if (b.id) location.hash = b.id;   /* tab state lives in the URL hash */\n    };\n  });\n});\n"
________ test_specimen_tabs_restore_history_without_rebuilding_content _________
tests/test_design_system_foundations.py:778: in test_specimen_tabs_restore_history_without_rebuilding_content
    assert 'hashchange' in scripts and 'popstate' in scripts
E   assert ('hashchange' in "\n/* Specimen-only toggles — mirrors theme.js attribute mechanics without importing it. */\nvar root = document.docum...elected','true');\n      if (b.id) location.hash = b.id;   /* tab state lives in the URL hash */\n    };\n  });\n});\n")
________________ test_specimen_tabs_state_the_example_boundary _________________
tests/test_design_system_foundations.py:784: in test_specimen_tabs_state_the_example_boundary
    assert 'id="specimen-tabs-note"' in specimen
E   assert 'id="specimen-tabs-note"' in '<!doctype html>\n<html lang="en" data-lang="en">\n<head>\n<meta charset="utf-8">\n<meta name="viewport" content="widt...b.id) location.hash = b.id;   /* tab state lives in the URL hash */\n    };\n  });\n});\n</script>\n</body>\n</html>\n'
=========================== short test summary info ============================
FAILED tests/test_design_system_foundations.py::test_specimen_tabs_use_distinct_reciprocal_panels
FAILED tests/test_design_system_foundations.py::test_specimen_tabs_have_one_initial_keyboard_entry
FAILED tests/test_design_system_foundations.py::test_specimen_tabs_name_keyboard_navigation_keys[ArrowLeft]
FAILED tests/test_design_system_foundations.py::test_specimen_tabs_name_keyboard_navigation_keys[ArrowRight]
FAILED tests/test_design_system_foundations.py::test_specimen_tabs_name_keyboard_navigation_keys[Home]
FAILED tests/test_design_system_foundations.py::test_specimen_tabs_name_keyboard_navigation_keys[End]
FAILED tests/test_design_system_foundations.py::test_specimen_tabs_restore_history_without_rebuilding_content
FAILED tests/test_design_system_foundations.py::test_specimen_tabs_state_the_example_boundary
8 failed, 58 deselected in 0.13s
